ARM Linker, RVCT4.0 [Build 524] for uVision [Standard]

==============================================================================

Section Cross References

    main.o(.text) refers (Special) to _printf_c.o(.ARM.Collect$$_printf_percent$$00000013) for _printf_c
    main.o(.text) refers (Special) to _printf_f.o(.ARM.Collect$$_printf_percent$$00000003) for _printf_f
    main.o(.text) refers (Special) to printf1.o(x$fpl$printf1) for _printf_fp_dec
    main.o(.text) refers (Special) to _printf_percent.o(.ARM.Collect$$_printf_percent$$00000000) for _printf_percent
    main.o(.text) refers (Special) to _printf_pad.o(.text) for _printf_pre_padding
    main.o(.text) refers (Special) to _printf_s.o(.ARM.Collect$$_printf_percent$$00000014) for _printf_s
    main.o(.text) refers (Special) to _printf_str.o(.text) for _printf_str
    main.o(.text) refers to delay.o(.text) for delay_init
    main.o(.text) refers to usart.o(.text) for uart_init
    main.o(.text) refers to usart2.o(.text) for usart2_init
    main.o(.text) refers to control.o(.text) for CON_Init
    main.o(.text) refers to led.o(.text) for LED_Init
    main.o(.text) refers to key.o(.text) for KEY_Init
    main.o(.text) refers to adc.o(.text) for Adc_Init
    main.o(.text) refers to sht10.o(.text) for SHT10_GPIO_Init
    main.o(.text) refers to ad9850.o(.text) for Ad9850_Init
    main.o(.text) refers to stm32f10x_gpio.o(.text) for GPIO_ReadOutputData
    main.o(.text) refers to 24c02.o(.text) for I2C_EE_Init
    main.o(.text) refers to noretval__2printf.o(.text) for __2printf
    main.o(.text) refers to fflt_clz.o(x$fpl$ffltu) for __aeabi_ui2f
    main.o(.text) refers to f2d.o(x$fpl$f2d) for __aeabi_f2d
    main.o(.text) refers to dmul.o(x$fpl$dmul) for __aeabi_dmul
    main.o(.text) refers to d2f.o(x$fpl$d2f) for __aeabi_d2f
    main.o(.text) refers to noretval__2sprintf.o(.text) for __2sprintf
    main.o(.text) refers to stm32f10x_usart.o(.text) for USART_GetITStatus
    main.o(.text) refers to stm32f10x_exti.o(.text) for EXTI_ClearITPendingBit
    main.o(.text) refers to main.o(.data) for ee_out_value
    main.o(.data) refers (Special) to _printf_c.o(.ARM.Collect$$_printf_percent$$00000013) for _printf_c
    main.o(.data) refers (Special) to _printf_f.o(.ARM.Collect$$_printf_percent$$00000003) for _printf_f
    main.o(.data) refers (Special) to printf1.o(x$fpl$printf1) for _printf_fp_dec
    main.o(.data) refers (Special) to _printf_percent.o(.ARM.Collect$$_printf_percent$$00000000) for _printf_percent
    main.o(.data) refers (Special) to _printf_pad.o(.text) for _printf_pre_padding
    main.o(.data) refers (Special) to _printf_s.o(.ARM.Collect$$_printf_percent$$00000014) for _printf_s
    main.o(.data) refers (Special) to _printf_str.o(.text) for _printf_str
    system_stm32f10x.o(.text) refers to system_stm32f10x.o(.data) for SystemCoreClock
    led.o(.text) refers to stm32f10x_rcc.o(.text) for RCC_APB2PeriphClockCmd
    led.o(.text) refers to stm32f10x_gpio.o(.text) for GPIO_Init
    control.o(.text) refers to stm32f10x_rcc.o(.text) for RCC_APB2PeriphClockCmd
    control.o(.text) refers to stm32f10x_gpio.o(.text) for GPIO_Init
    ad9850.o(.text) refers to stm32f10x_rcc.o(.text) for RCC_APB2PeriphClockCmd
    ad9850.o(.text) refers to stm32f10x_gpio.o(.text) for GPIO_Init
    ad9850.o(.text) refers to delay.o(.text) for delay_ms
    ad9850.o(.text) refers to ddiv.o(x$fpl$ddiv) for __aeabi_ddiv
    ad9850.o(.text) refers to dmul.o(x$fpl$dmul) for __aeabi_dmul
    ad9850.o(.text) refers to dfix.o(x$fpl$dfix) for __aeabi_d2iz
    adc.o(.text) refers to stm32f10x_rcc.o(.text) for RCC_APB2PeriphClockCmd
    adc.o(.text) refers to stm32f10x_gpio.o(.text) for GPIO_Init
    adc.o(.text) refers to stm32f10x_adc.o(.text) for ADC_DeInit
    adc.o(.text) refers to delay.o(.text) for delay_ms
    sht10.o(.text) refers to delay.o(.text) for delay_us
    sht10.o(.text) refers to stm32f10x_gpio.o(.text) for GPIO_Init
    sht10.o(.text) refers to stm32f10x_rcc.o(.text) for RCC_APB2PeriphClockCmd
    sht10.o(.text) refers to fflt_clz.o(x$fpl$ffltu) for __aeabi_ui2f
    sht10.o(.text) refers to fmul.o(x$fpl$fmul) for __aeabi_fmul
    sht10.o(.text) refers to faddsub_clz.o(x$fpl$fadd) for __aeabi_fadd
    sht10.o(.text) refers to faddsub_clz.o(x$fpl$fsub) for __aeabi_fsub
    sht10.o(.text) refers to frleqf.o(x$fpl$frleqf) for __aeabi_cfrcmple
    sht10.o(.text) refers to fleqf.o(x$fpl$fleqf) for __aeabi_cfcmple
    sht10.o(.text) refers to f2d.o(x$fpl$f2d) for __aeabi_f2d
    sht10.o(.text) refers to dleqf.o(x$fpl$dleqf) for __aeabi_cdcmple
    sht10.o(.text) refers to sht10.o(.data) for check_num
    24c02.o(.text) refers to stm32f10x_rcc.o(.text) for RCC_APB2PeriphClockCmd
    24c02.o(.text) refers to stm32f10x_gpio.o(.text) for GPIO_Init
    24c02.o(.text) refers to stm32f10x_i2c.o(.text) for I2C_Init
    24c02.o(.text) refers to 24c02.o(.data) for EEPROM_ADDRESS
    key.o(.text) refers to stm32f10x_rcc.o(.text) for RCC_APB2PeriphClockCmd
[...]
    ../../printf.c                           0x00000000   Number         0  noretval__2sprintf.o ABSOLUTE
    ../../printf.c                           0x00000000   Number         0  _printf_fp_dec.o ABSOLUTE
    ../../printf1.s                          0x00000000   Number         0  printf1.o ABSOLUTE
    ../../printf_percent.s                   0x00000000   Number         0  _printf_c.o ABSOLUTE
    ../../printf_percent.s                   0x00000000   Number         0  _printf_percent.o ABSOLUTE
    ../../printf_percent.s                   0x00000000   Number         0  _printf_s.o ABSOLUTE
    ../../printf_percent.s                   0x00000000   Number         0  _printf_f.o ABSOLUTE
    ../../printf_percent.s                   0x00000000   Number         0  _printf_percent_end.o ABSOLUTE
    ../../retnan.s                           0x00000000   Number         0  retnan.o ABSOLUTE
    ../../signal.c                           0x00000000   Number         0  defsig_exit.o ABSOLUTE
    ../../signal.c                           0x00000000   Number         0  defsig_segv_inner.o ABSOLUTE
    ../../signal.c                           0x00000000   Number         0  defsig_cppl_inner.o ABSOLUTE
    ../../signal.c                           0x00000000   Number         0  defsig_rtmem_formal.o ABSOLUTE
    ../../signal.c                           0x00000000   Number         0  defsig_rtmem_inner.o ABSOLUTE
    ../../signal.c                           0x00000000   Number         0  __raise.o ABSOLUTE
    ../../signal.c                           0x00000000   Number         0  defsig_rtmem_outer.o ABSOLUTE
    ../../signal.c                           0x00000000   Number         0  defsig_general.o ABSOLUTE
    ../../signal.c                           0x00000000   Number         0  defsig_abrt_inner.o ABSOLUTE
    ../../signal.c                           0x00000000   Number         0  defsig_fpe_inner.o ABSOLUTE
    ../../signal.c                           0x00000000   Number         0  defsig_other.o ABSOLUTE
    ../../signal.c                           0x00000000   Number         0  defsig_pvfn_inner.o ABSOLUTE
    ../../signal.c                           0x00000000   Number         0  defsig_rtred_inner.o ABSOLUTE
    ../../signal.c                           0x00000000   Number         0  defsig_stak_inner.o ABSOLUTE
    ../../signal.s                           0x00000000   Number         0  defsig.o ABSOLUTE
    ../../stdio.c                            0x00000000   Number         0  ferror_locked.o ABSOLUTE
    ../../stdio.c                            0x00000000   Number         0  ferror.o ABSOLUTE
    ../../stdlib.c                           0x00000000   Number         0  exit.o ABSOLUTE
    ../../trapv.s                            0x00000000   Number         0  trapv.o ABSOLUTE
    ../../usenofp.s                          0x00000000   Number         0  usenofp.o ABSOLUTE
    ..\CORE\core_cm3.c                       0x00000000   Number         0  core_cm3.o ABSOLUTE
    ..\CORE\startup_stm32f10x_hd.s           0x00000000   Number         0  startup_stm32f10x_hd.o ABSOLUTE
    ..\HARDWARE\24C02\24c02.c                0x00000000   Number         0  24c02.o ABSOLUTE
    ..\HARDWARE\AD9850\ad9850.c              0x00000000   Number         0  ad9850.o ABSOLUTE
    ..\HARDWARE\ADC\adc.c                    0x00000000   Number         0  adc.o ABSOLUTE
    ..\HARDWARE\CONTROL\control.c            0x00000000   Number         0  control.o ABSOLUTE
    ..\HARDWARE\KEY\key.c                    0x00000000   Number         0  key.o ABSOLUTE
    ..\HARDWARE\LED\led.c                    0x00000000   Number         0  led.o ABSOLUTE
    ..\HARDWARE\SHT10\sht10.c                0x00000000   Number         0  sht10.o ABSOLUTE
    ..\HARDWARE\USART2\usart2.c              0x00000000   Number         0  usart2.o ABSOLUTE
    ..\STM32F10x_FWLib\src\misc.c            0x00000000   Number         0  misc.o ABSOLUTE
    ..\STM32F10x_FWLib\src\stm32f10x_adc.c   0x00000000   Number         0  stm32f10x_adc.o ABSOLUTE
    ..\STM32F10x_FWLib\src\stm32f10x_exti.c  0x00000000   Number         0  stm32f10x_exti.o ABSOLUTE
    ..\STM32F10x_FWLib\src\stm32f10x_gpio.c  0x00000000   Number         0  stm32f10x_gpio.o ABSOLUTE
    ..\STM32F10x_FWLib\src\stm32f10x_i2c.c   0x00000000   Number         0  stm32f10x_i2c.o ABSOLUTE
    ..\STM32F10x_FWLib\src\stm32f10x_rcc.c   0x00000000   Number         0  stm32f10x_rcc.o ABSOLUTE
    ..\STM32F10x_FWLib\src\stm32f10x_usart.c 0x00000000   Number         0  stm32f10x_usart.o ABSOLUTE
    ..\SYSTEM\delay\delay.c                  0x00000000   Number         0  delay.o ABSOLUTE
    ..\SYSTEM\sys\sys.c                      0x00000000   Number         0  sys.o ABSOLUTE
    ..\SYSTEM\usart\usart.c                  0x00000000   Number         0  usart.o ABSOLUTE
    ..\\CORE\\core_cm3.c                     0x00000000   Number         0  core_cm3.o ABSOLUTE
    dc.s                                     0x00000000   Number         0  dc.o ABSOLUTE
    main.c                                   0x00000000   Number         0  main.o ABSOLUTE
    stm32f10x_it.c                           0x00000000   Number         0  stm32f10x_it.o ABSOLUTE
    system_stm32f10x.c                       0x00000000   Number         0  system_stm32f10x.o ABSOLUTE
    RESET                                    0x08000000   Section      304  startup_stm32f10x_hd.o(RESET)
    !!!main                                  0x08000130   Section        8  __main.o(!!!main)
    !!!scatter                               0x08000138   Section       52  __scatter.o(!!!scatter)
    !!handler_copy                           0x0800016c   Section       26  __scatter_copy.o(!!handler_copy)
    !!handler_zi                             0x08000188   Section       28  __scatter_zi.o(!!handler_zi)
    .ARM.Collect$$_printf_percent$$00000000  0x080001a4   Section        0  _printf_percent.o(.ARM.Collect$$_printf_percent$$00000000)
    .ARM.Collect$$_printf_percent$$00000003  0x080001a4   Section        6  _printf_f.o(.ARM.Collect$$_printf_percent$$00000003)
    .ARM.Collect$$_printf_percent$$00000013  0x080001aa   Section        6  _printf_c.o(.ARM.Collect$$_printf_percent$$00000013)
    .ARM.Collect$$_printf_percent$$00000014  0x080001b0   Section        6  _printf_s.o(.ARM.Collect$$_printf_percent$$00000014)
    .ARM.Collect$$_printf_percent$$00000017  0x080001b6   Section        4  _printf_percent_end.o(.ARM.Collect$$_printf_percent$$00000017)
    .ARM.Collect$$libinit$$00000000          0x080001ba   Section        6  libinit.o(.ARM.Collect$$libinit$$00000000)
    .ARM.Collect$$libinit$$00000006          0x080001c0   Section        0  libinit2.o(.ARM.Collect$$libinit$$00000006)
    .ARM.Collect$$libinit$$00000008          0x080001c0   Section        0  libinit2.o(.ARM.Collect$$libinit$$00000008)
    .ARM.Collect$$libinit$$0000000A          0x080001c0   Section        0  libinit2.o(.ARM.Collect$$libinit$$0000000A)
    .ARM.Collect$$libinit$$0000000B          0x080001c0   Section        6  libinit2.o(.ARM.Collect$$libinit$$0000000B)
    .ARM.Collect$$libinit$$0000000D          0x080001c6   Section        0  libinit2.o(.ARM.Collect$$libinit$$0000000D)
    .ARM.Collect$$libinit$$0000000F          0x080001c6   Section        0  libinit2.o(.ARM.Collect$$libinit$$0000000F)
    .ARM.Collect$$libinit$$00000011          0x080001c6   Section        0  libinit2.o(.ARM.Collect$$libinit$$00000011)
    .ARM.Collect$$libinit$$00000012          0x080001c6   Section       10  libinit2.o(.ARM.Collect$$libinit$$00000012)
    .ARM.Collect$$libinit$$00000013          0x080001d0   Section        0  libinit2.o(.ARM.Collect$$libinit$$00000013)
    .ARM.Collect$$libinit$$00000015          0x080001d0   Section        0  libinit2.o(.ARM.Collect$$libinit$$00000015)
    .ARM.Collect$$libinit$$00000017          0x080001d0   Section        0  libinit2.o(.ARM.Collect$$libinit$$00000017)
    .ARM.Collect$$libinit$$00000019          0x080001d0   Section        0  libinit2.o(.ARM.Collect$$libinit$$00000019)
    .ARM.Collect$$libinit$$0000001B          0x080001d0   Section        0  libinit2.o(.ARM.Collect$$libinit$$0000001B)
    .ARM.Collect$$libinit$$0000001D          0x080001d0   Section        0  libinit2.o(.ARM.Collect$$libinit$$0000001D)
    .ARM.Collect$$libinit$$0000001F          0x080001d0   Section        0  libinit2.o(.ARM.Collect$$libinit$$0000001F)
    .ARM.Collect$$libinit$$00000021          0x080001d0   Section        0  libinit2.o(.ARM.Collect$$libinit$$00000021)
    .ARM.Collect$$libinit$$00000028          0x080001d0   Section        0  libinit2.o(.ARM.Collect$$libinit$$00000028)
    .ARM.Collect$$libinit$$0000002A          0x080001d0   Section        0  libinit2.o(.ARM.Collect$$libinit$$0000002A)
    .ARM.Collect$$libinit$$0000002C          0x080001d0   Section        0  libinit2.o(.ARM.Collect$$libinit$$0000002C)
    .ARM.Collect$$libinit$$0000002E          0x080001d0   Section        0  libinit2.o(.ARM.Collect$$libinit$$0000002E)
    .ARM.Collect$$libinit$$0000002F          0x080001d0   Section        2  libinit2.o(.ARM.Collect$$libinit$$0000002F)
    .ARM.Collect$$libshutdown$$00000000      0x080001d2   Section        2  libshutdown.o(.ARM.Collect$$libshutdown$$00000000)
    .ARM.Collect$$libshutdown$$00000003      0x080001d4   Section        0  libshutdown2.o(.ARM.Collect$$libshutdown$$00000003)
    .ARM.Collect$$libshutdown$$00000006      0x080001d4   Section        0  libshutdown2.o(.ARM.Collect$$libshutdown$$00000006)
    .ARM.Collect$$libshutdown$$00000009      0x080001d4   Section        0  libshutdown2.o(.ARM.Collect$$libshutdown$$00000009)
    .ARM.Collect$$libshutdown$$0000000B      0x080001d4   Section        0  libshutdown2.o(.ARM.Collect$$libshutdown$$0000000B)
    .ARM.Collect$$libshutdown$$0000000E      0x080001d4   Section        0  libshutdown2.o(.ARM.Collect$$libshutdown$$0000000E)
    .ARM.Collect$$libshutdown$$0000000F      0x080001d4   Section        2  libshutdown2.o(.ARM.Collect$$libshutdown$$0000000F)
    .ARM.Collect$$rtentry$$00000000          0x080001d6   Section        0  rtentry.o(.ARM.Collect$$rtentry$$00000000)
    .ARM.Collect$$rtentry$$00000002          0x080001d6   Section        0  rtentry2.o(.ARM.Collect$$rtentry$$00000002)
    .ARM.Collect$$rtentry$$00000004          0x080001d6   Section        6  rtentry4.o(.ARM.Collect$$rtentry$$00000004)
    .ARM.Collect$$rtentry$$00000009          0x080001dc   Section        0  rtentry2.o(.ARM.Collect$$rtentry$$00000009)
    .ARM.Collect$$rtentry$$0000000A          0x080001dc   Section        4  rtentry2.o(.ARM.Collect$$rtentry$$0000000A)
    .ARM.Collect$$rtentry$$0000000C          0x080001e0   Section        0  rtentry2.o(.ARM.Collect$$rtentry$$0000000C)
    .ARM.Collect$$rtentry$$0000000D          0x080001e0   Section        8  rtentry2.o(.ARM.Collect$$rtentry$$0000000D)
    .ARM.Collect$$rtexit$$00000000           0x080001e8   Section        0  rtexit.o(.ARM.Collect$$rtexit$$00000000)
    .ARM.Collect$$rtexit$$00000002           0x080001e8   Section        0  rtexit2.o(.ARM.Collect$$rtexit$$00000002)
    .ARM.Collect$$rtexit$$00000003           0x080001e8   Section        4  rtexit2.o(.ARM.Collect$$rtexit$$00000003)
    .ARM.Collect$$rtexit$$00000004           0x080001ec   Section        4  rtexit2.o(.ARM.Collect$$rtexit$$00000004)
    .text                                    0x080001f0   Section     1204  main.o(.text)
    .text                                    0x080006a4   Section       26  stm32f10x_it.o(.text)
    .text                                    0x080006c0   Section      456  system_stm32f10x.o(.text)
    SetSysClockTo72                          0x080006c1   Thumb Code   192  system_stm32f10x.o(.text)
    SetSysClock                              0x08000781   Thumb Code     8  system_stm32f10x.o(.text)
    .text                                    0x08000888   Section       80  led.o(.text)
    .text                                    0x080008d8   Section       56  control.o(.text)
    .text                                    0x08000910   Section      508  ad9850.o(.text)
    .text                                    0x08000b0c   Section      232  adc.o(.text)
    .text                                    0x08000bf4   Section     1164  sht10.o(.text)
    .text                                    0x08001080   Section      992  24c02.o(.text)
    I2C_GPIO_Config                          0x08001081   Thumb Code    46  24c02.o(.text)
    I2C_Mode_Configu                         0x080010af   Thumb Code    58  24c02.o(.text)
    .text                                    0x08001460   Section      116  key.o(.text)
    .text                                    0x080014d4   Section      220  usart2.o(.text)
    .text                                    0x080015b0   Section      192  delay.o(.text)
    .text                                    0x08001670   Section      328  usart.o(.text)
    .text                                    0x080017b8   Section       64  startup_stm32f10x_hd.o(.text)
    .text                                    0x080017f8   Section      840  stm32f10x_gpio.o(.text)
    .text                                    0x08001b40   Section      912  stm32f10x_rcc.o(.text)
    .text                                    0x08001ed0   Section     1032  stm32f10x_usart.o(.text)
    .text                                    0x080022d8   Section      224  misc.o(.text)
    .text                                    0x080023b8   Section     1070  stm32f10x_adc.o(.text)
    .text                                    0x080027e8   Section     1016  stm32f10x_i2c.o(.text)
    .text                                    0x08002be0   Section      304  stm32f10x_exti.o(.text)
    .text                                    0x08002d10   Section        2  use_no_semi_2.o(.text)
    .text                                    0x08002d14   Section       32  noretval__2printf.o(.text)
    .text                                    0x08002d34   Section       40  noretval__2sprintf.o(.text)
    .text                                    0x08002d5c   Section       76  _printf_pad.o(.text)
    .text                                    0x08002da8   Section       82  _printf_str.o(.text)
    .text                                    0x08002dfa   Section      288  __printf_wp.o(.text)
    .text                                    0x08002f1a   Section        6  heapauxi.o(.text)
    .text                                    0x08002f20   Section        2  use_no_semi.o(.text)
    .text                                    0x08002f22   Section     1096  _printf_fp_dec.o(.text)
    _fp_digits                               0x08002f25   Thumb Code   486  _printf_fp_dec.o(.text)
    .text                                    0x0800336c   Section       48  _printf_char_common.o(.text)
    _printf_input_char                       0x0800336d   Thumb Code    10  _printf_char_common.o(.text)
    .text                                    0x0800339c   Section       10  _sputc.o(.text)
    .text                                    0x080033a6   Section       44  _printf_char.o(.text)
    .text                                    0x080033d4   Section       12  rt_locale_intlibspace.o(.text)
    .text                                    0x080033e0   Section      138  lludiv10.o(.text)
    .text                                    0x0800346c   Section      124  _printf_fp_infnan.o(.text)
    .text                                    0x080034e8   Section      208  bigflt0.o(.text)
    .text                                    0x080035b8   Section       16  rtudiv10.o(.text)
    .text                                    0x080035c8   Section        8  libspace.o(.text)
    .text                                    0x080035d0   Section       74  sys_stackheap_outer.o(.text)
    .text                                    0x0800361a   Section       12  exit.o(.text)
    .text                                    0x08003628   Section      128  strcmpv7m.o(.text)
    CL$$btod_d2e                             0x080036a8   Section       62  btod.o(CL$$btod_d2e)
    CL$$btod_d2e_denorm_low                  0x080036e6   Section       70  btod.o(CL$$btod_d2e_denorm_low)
    CL$$btod_d2e_norm_op1                    0x0800372c   Section       96  btod.o(CL$$btod_d2e_norm_op1)
    CL$$btod_div_common                      0x0800378c   Section      824  btod.o(CL$$btod_div_common)
    CL$$btod_e2e                             0x08003ac4   Section      198  btod.o(CL$$btod_e2e)
    CL$$btod_ediv                            0x08003b8a   Section       40  btod.o(CL$$btod_ediv)
    CL$$btod_emul                            0x08003bb2   Section       40  btod.o(CL$$btod_emul)
    CL$$btod_mult_common                     0x08003bda   Section      580  btod.o(CL$$btod_mult_common)
    i.__ARM_fpclassify                       0x08003e1e   Section       40  fpclassify.o(i.__ARM_fpclassify)
    locale$$code                             0x08003e48   Section       44  lc_numeric_c.o(locale$$code)
    x$fpl$d2f                                0x08003e74   Section      148  d2f.o(x$fpl$d2f)
    x$fpl$dcheck                             0x08003f08   Section       16  dcheck.o(x$fpl$dcheck)
    x$fpl$dcheck1                            0x08003f18   Section       16  dcheck1.o(x$fpl$dcheck1)
    x$fpl$dcmpinfnan                         0x08003f28   Section      120  dcmpin.o(x$fpl$dcmpinfnan)
    x$fpl$dcmpinfnan                         0x08003fa0   Section       88  fcmpin.o(x$fpl$dcmpinfnan)
    x$fpl$ddiv                               0x08003ff8   Section     1024  ddiv.o(x$fpl$ddiv)
    ddiv_entry                               0x08003ffb   Thumb Code     0  ddiv.o(x$fpl$ddiv)
    x$fpl$dfix                               0x080043f8   Section      156  dfix.o(x$fpl$dfix)
    x$fpl$dflt                               0x08004494   Section       44  dflt_clz.o(x$fpl$dflt)
    x$fpl$dleqf                              0x080044c0   Section      112  dleqf.o(x$fpl$dleqf)
    x$fpl$dmul                               0x08004530   Section      456  dmul.o(x$fpl$dmul)
    x$fpl$dunder                             0x080046f8   Section      236  dunder.o(x$fpl$dunder)
    x$fpl$f2d                                0x080047e4   Section       80  f2d.o(x$fpl$f2d)
    x$fpl$fadd                               0x08004834   Section      256  faddsub_clz.o(x$fpl$fadd)
    _fadd1                                   0x08004843   Thumb Code     0  faddsub_clz.o(x$fpl$fadd)
    x$fpl$fcheck                             0x08004934   Section       12  fcheck.o(x$fpl$fcheck)
    x$fpl$fcheck1                            0x08004940   Section       12  fcheck1.o(x$fpl$fcheck1)
    x$fpl$fflt                               0x0800494c   Section       50  fflt_clz.o(x$fpl$fflt)
    x$fpl$ffltu                              0x0800497e   Section        8  fflt_clz.o(x$fpl$ffltu)
    x$fpl$fleqf                              0x08004988   Section       96  fleqf.o(x$fpl$fleqf)
    x$fpl$fmul                               0x080049e8   Section      264  fmul.o(x$fpl$fmul)
    x$fpl$fnorm2                             0x08004af0   Section       74  fnorm2_clz.o(x$fpl$fnorm2)
    x$fpl$frleqf                             0x08004b3c   Section      108  frleqf.o(x$fpl$frleqf)
    x$fpl$fsub                               0x08004ba8   Section      292  faddsub_clz.o(x$fpl$fsub)
    _fsub1                                   0x08004bb7   Thumb Code     0  faddsub_clz.o(x$fpl$fsub)
    x$fpl$funder                             0x08004ccc   Section      134  funder.o(x$fpl$funder)
    x$fpl$printf1                            0x08004d52   Section        4  printf1.o(x$fpl$printf1)
    x$fpl$retnan                             0x08004d56   Section      100  retnan.o(x$fpl$retnan)
    x$fpl$trapveneer                         0x08004dba   Section       48  trapv.o(x$fpl$trapveneer)
    x$fpl$usenofp                            0x08004dea   Section        0  usenofp.o(x$fpl$usenofp)
    .constdata                               0x08004dec   Section      148  bigflt0.o(.constdata)
    tenpwrs_x                                0x08004dec   Data          60  bigflt0.o(.constdata)
    tenpwrs_i                                0x08004e28   Data          64  bigflt0.o(.constdata)
    locale$$data                             0x08004ea0   Section       28  lc_numeric_c.o(locale$$data)
    __lcnum_c_name                           0x08004ea4   Data           2  lc_numeric_c.o(locale$$data)
    __lcnum_c_start                          0x08004eac   Data           0  lc_numeric_c.o(locale$$data)
    __lcnum_c_point                          0x08004eb8   Data           0  lc_numeric_c.o(locale$$data)
    __lcnum_c_thousands                      0x08004eba   Data           0  lc_numeric_c.o(locale$$data)
    __lcnum_c_grouping                       0x08004ebb   Data           0  lc_numeric_c.o(locale$$data)
    __lcnum_c_end                            0x08004ebc   Data           0  lc_numeric_c.o(locale$$data)
    .data                                    0x20000000   Section       15  main.o(.data)
    .data                                    0x20000010   Section       20  system_stm32f10x.o(.data)
    .data                                    0x20000024   Section        1  sht10.o(.data)
    .data                                    0x20000026   Section        2  24c02.o(.data)
    .data                                    0x20000028   Section        4  delay.o(.data)
    fac_us                                   0x20000028   Data           1  delay.o(.data)
    fac_ms                                   0x2000002a   Data           2  delay.o(.data)
    .data                                    0x2000002c   Section        8  usart.o(.data)
    .data                                    0x20000034   Section       20  stm32f10x_rcc.o(.data)
    APBAHBPrescTable                         0x20000034   Data          16  stm32f10x_rcc.o(.data)
    ADCPrescTable                            0x20000044   Data           4  stm32f10x_rcc.o(.data)
    .bss                                     0x20000048   Section      200  usart.o(.bss)
    .bss                                     0x20000110   Section       96  libspace.o(.bss)
    HEAP                                     0x20000170   Section      512  startup_stm32f10x_hd.o(HEAP)
    Heap_Mem                                 0x20000170   Data         512  startup_stm32f10x_hd.o(HEAP)
    STACK                                    0x20000370   Section     1024  startup_stm32f10x_hd.o(STACK)
    Stack_Mem                                0x20000370   Data        1024  startup_stm32f10x_hd.o(STACK)
    __initial_sp                             0x20000770   Data           0  startup_stm32f10x_hd.o(STACK)

    Global Symbols

    Symbol Name                              Value     Ov Type        Size  Object(Section)

    BuildAttributes$$THM_ISAv4$P$D$K$B$S$PE$A:L22UL41UL21$X:L11$S22US41US21$IEEE1$IW$USESV6$~STKCKD$USESV7$~SHL$OSPACE$ROPI$IEEEJ$EBA8$UX$STANDARDLIB$REQ8$PRES8$EABIv2 0x00000000   Number         0  anon$$obj.o ABSOLUTE
    __ARM_use_no_argv                        0x00000000   Number         0  main.o ABSOLUTE
    _printf_flags                            0x00000000   Number         0  printf_stubs.o ABSOLUTE
    _printf_return_value                     0x00000000   Number         0  printf_stubs.o ABSOLUTE
    _printf_sizespec                         0x00000000   Number         0  printf_stubs.o ABSOLUTE
    _printf_widthprec                        0x00000000   Number         0  printf_stubs.o ABSOLUTE
    __ARM_exceptions_init                     - Undefined Weak Reference
    __alloca_initialize                       - Undefined Weak Reference
    __cpp_initialize__aeabi_                  - Undefined Weak Reference
    __cxa_finalize                            - Undefined Weak Reference
    __fpl_infinity                            - Undefined Weak Reference
    __sigvec_lookup                           - Undefined Weak Reference
    _atexit_init                              - Undefined Weak Reference
    _call_atexit_fns                          - Undefined Weak Reference
    _clock_init                               - Undefined Weak Reference
    _fp_trap_init                             - Undefined Weak Reference
    _fp_trap_shutdown                         - Undefined Weak Reference
    _get_lc_collate                           - Undefined Weak Reference
    _get_lc_ctype                             - Undefined Weak Reference
    _get_lc_monetary                          - Undefined Weak Reference
    _get_lc_time                              - Undefined Weak Reference
    _getenv_init                              - Undefined Weak Reference
    _handle_redirection                       - Undefined Weak Reference
    _init_alloc                               - Undefined Weak Reference
    _init_user_alloc                          - Undefined Weak Reference
    _initio                                   - Undefined Weak Reference
    _mutex_acquire                            - Undefined Weak Reference
    _mutex_release                            - Undefined Weak Reference
    _printf_mbtowc                            - Undefined Weak Reference
    _rand_init                                - Undefined Weak Reference
    _signal_finish                            - Undefined Weak Reference
    _signal_init                              - Undefined Weak Reference
    _terminate_alloc                          - Undefined Weak Reference
    _terminate_user_alloc                     - Undefined Weak Reference
    _terminateio                              - Undefined Weak Reference
    __Vectors_Size                           0x00000130   Number         0  startup_stm32f10x_hd.o ABSOLUTE
    __Vectors                                0x08000000   Data           4  startup_stm32f10x_hd.o(RESET)
    __Vectors_End                            0x08000130   Data           0  startup_stm32f10x_hd.o(RESET)
    __main                                   0x08000131   Thumb Code     8  __main.o(!!!main)
    __scatterload                            0x08000139   Thumb Code     0  __scatter.o(!!!scatter)
    __scatterload_rt2                        0x08000139   Thumb Code    44  __scatter.o(!!!scatter)
    __scatterload_rt2_thumb_only             0x08000139   Thumb Code     0  __scatter.o(!!!scatter)
    __scatterload_null                       0x08000147   Thumb Code     0  __scatter.o(!!!scatter)
    __scatterload_copy                       0x0800016d   Thumb Code    26  __scatter_copy.o(!!handler_copy)
    __scatterload_zeroinit                   0x08000189   Thumb Code    28  __scatter_zi.o(!!handler_zi)
    _printf_f                                0x080001a5   Thumb Code     0  _printf_f.o(.ARM.Collect$$_printf_percent$$00000003)
    _printf_percent                          0x080001a5   Thumb Code     0  _printf_percent.o(.ARM.Collect$$_printf_percent$$00000000)
    _printf_c                                0x080001ab   Thumb Code     0  _printf_c.o(.ARM.Collect$$_printf_percent$$00000013)
    _printf_s                                0x080001b1   Thumb Code     0  _printf_s.o(.ARM.Collect$$_printf_percent$$00000014)
    _printf_percent_end                      0x080001b7   Thumb Code     0  _printf_percent_end.o(.ARM.Collect$$_printf_percent$$00000017)
    __rt_lib_init                            0x080001bb   Thumb Code     0  libinit.o(.ARM.Collect$$libinit$$00000000)
    __rt_lib_init_heap_1                     0x080001c1   Thumb Code     0  libinit2.o(.ARM.Collect$$libinit$$00000006)
    __rt_lib_init_lc_common                  0x080001c1   Thumb Code     0  libinit2.o(.ARM.Collect$$libinit$$0000000B)
    __rt_lib_init_rand_1                     0x080001c1   Thumb Code     0  libinit2.o(.ARM.Collect$$libinit$$0000000A)
    __rt_lib_init_user_alloc_1               0x080001c1   Thumb Code     0  libinit2.o(.ARM.Collect$$libinit$$00000008)
    __rt_lib_init_lc_collate_1               0x080001c7   Thumb Code     0  libinit2.o(.ARM.Collect$$libinit$$0000000D)
    __rt_lib_init_lc_ctype_1                 0x080001c7   Thumb Code     0  libinit2.o(.ARM.Collect$$libinit$$0000000F)
    __rt_lib_init_lc_monetary_1              0x080001c7   Thumb Code     0  libinit2.o(.ARM.Collect$$libinit$$00000011)
    __rt_lib_init_lc_numeric_2               0x080001c7   Thumb Code     0  libinit2.o(.ARM.Collect$$libinit$$00000012)
    __rt_lib_init_alloca_1                   0x080001d1   Thumb Code     0  libinit2.o(.ARM.Collect$$libinit$$0000002A)
    __rt_lib_init_argv_1                     0x080001d1   Thumb Code     0  libinit2.o(.ARM.Collect$$libinit$$00000028)
    __rt_lib_init_atexit_1                   0x080001d1   Thumb Code     0  libinit2.o(.ARM.Collect$$libinit$$00000017)
    __rt_lib_init_clock_1                    0x080001d1   Thumb Code     0  libinit2.o(.ARM.Collect$$libinit$$0000001D)
    __rt_lib_init_cpp_1                      0x080001d1   Thumb Code     0  libinit2.o(.ARM.Collect$$libinit$$0000002E)
    __rt_lib_init_exceptions_1               0x080001d1   Thumb Code     0  libinit2.o(.ARM.Collect$$libinit$$0000002C)
    __rt_lib_init_fp_trap_1                  0x080001d1   Thumb Code     0  libinit2.o(.ARM.Collect$$libinit$$0000001B)
    __rt_lib_init_getenv_1                   0x080001d1   Thumb Code     0  libinit2.o(.ARM.Collect$$libinit$$0000001F)
    __rt_lib_init_lc_numeric_1               0x080001d1   Thumb Code     0  libinit2.o(.ARM.Collect$$libinit$$00000013)
    __rt_lib_init_lc_time_1                  0x080001d1   Thumb Code     0  libinit2.o(.ARM.Collect$$libinit$$00000015)
    __rt_lib_init_return                     0x080001d1   Thumb Code     0  libinit2.o(.ARM.Collect$$libinit$$0000002F)
    __rt_lib_init_signal_1                   0x080001d1   Thumb Code     0  libinit2.o(.ARM.Collect$$libinit$$00000019)
    __rt_lib_init_stdio_1                    0x080001d1   Thumb Code     0  libinit2.o(.ARM.Collect$$libinit$$00000021)
    __rt_lib_shutdown                        0x080001d3   Thumb Code     0  libshutdown.o(.ARM.Collect$$libshutdown$$00000000)
    __rt_lib_shutdown_fp_trap_1              0x080001d5   Thumb Code     0  libshutdown2.o(.ARM.Collect$$libshutdown$$00000006)
    __rt_lib_shutdown_heap_1                 0x080001d5   Thumb Code     0  libshutdown2.o(.ARM.Collect$$libshutdown$$0000000E)
    __rt_lib_shutdown_return                 0x080001d5   Thumb Code     0  libshutdown2.o(.ARM.Collect$$libshutdown$$0000000F)
    __rt_lib_shutdown_signal_1               0x080001d5   Thumb Code     0  libshutdown2.o(.ARM.Collect$$libshutdown$$00000009)
    __rt_lib_shutdown_stdio_1                0x080001d5   Thumb Code     0  libshutdown2.o(.ARM.Collect$$libshutdown$$00000003)
    __rt_lib_shutdown_user_alloc_1           0x080001d5   Thumb Code     0  libshutdown2.o(.ARM.Collect$$libshutdown$$0000000B)
    __rt_entry                               0x080001d7   Thumb Code     0  rtentry.o(.ARM.Collect$$rtentry$$00000000)
    __rt_entry_presh_1                       0x080001d7   Thumb Code     0  rtentry2.o(.ARM.Collect$$rtentry$$00000002)
    __rt_entry_sh                            0x080001d7   Thumb Code     0  rtentry4.o(.ARM.Collect$$rtentry$$00000004)
    __rt_entry_li                            0x080001dd   Thumb Code     0  rtentry2.o(.ARM.Collect$$rtentry$$0000000A)
    __rt_entry_postsh_1                      0x080001dd   Thumb Code     0  rtentry2.o(.ARM.Collect$$rtentry$$00000009)
    __rt_entry_main                          0x080001e1   Thumb Code     0  rtentry2.o(.ARM.Collect$$rtentry$$0000000D)
    __rt_entry_postli_1                      0x080001e1   Thumb Code     0  rtentry2.o(.ARM.Collect$$rtentry$$0000000C)
    __rt_exit                                0x080001e9   Thumb Code     0  rtexit.o(.ARM.Collect$$rtexit$$00000000)
    __rt_exit_ls                             0x080001e9   Thumb Code     0  rtexit2.o(.ARM.Collect$$rtexit$$00000003)
    __rt_exit_prels_1                        0x080001e9   Thumb Code     0  rtexit2.o(.ARM.Collect$$rtexit$$00000002)
    __rt_exit_exit                           0x080001ed   Thumb Code     0  rtexit2.o(.ARM.Collect$$rtexit$$00000004)
    main                                     0x080001f1   Thumb Code   498  main.o(.text)
    USART2_IRQHandler                        0x080003e3   Thumb Code   420  main.o(.text)
    EXTI0_IRQHandler                         0x08000587   Thumb Code   286  main.o(.text)
    NMI_Handler                              0x080006a5   Thumb Code     2  stm32f10x_it.o(.text)
    HardFault_Handler                        0x080006a7   Thumb Code     4  stm32f10x_it.o(.text)
    MemManage_Handler                        0x080006ab   Thumb Code     4  stm32f10x_it.o(.text)
    BusFault_Handler                         0x080006af   Thumb Code     4  stm32f10x_it.o(.text)
    UsageFault_Handler                       0x080006b3   Thumb Code     4  stm32f10x_it.o(.text)
    SVC_Handler                              0x080006b7   Thumb Code     2  stm32f10x_it.o(.text)
    DebugMon_Handler                         0x080006b9   Thumb Code     2  stm32f10x_it.o(.text)
    PendSV_Handler                           0x080006bb   Thumb Code     2  stm32f10x_it.o(.text)
    SysTick_Handler                          0x080006bd   Thumb Code     2  stm32f10x_it.o(.text)
    SystemInit                               0x08000789   Thumb Code    78  system_stm32f10x.o(.text)
    SystemCoreClockUpdate                    0x080007d7   Thumb Code   142  system_stm32f10x.o(.text)
    LED_Init                                 0x08000889   Thumb Code    72  led.o(.text)
    CON_Init                                 0x080008d9   Thumb Code    50  control.o(.text)
    Ad9850_Init                              0x08000911   Thumb Code    80  ad9850.o(.text)
    Ad9850_Reset                             0x08000961   Thumb Code    54  ad9850.o(.text)
    Ad9850_Wr_Parrel                         0x08000997   Thumb Code   340  ad9850.o(.text)
    Adc_Init                                 0x08000b0d   Thumb Code   132  adc.o(.text)
    Get_Adc                                  0x08000b91   Thumb Code    46  adc.o(.text)
    Get_Adc_Average                          0x08000bbf   Thumb Code    46  adc.o(.text)
    SHT10_Delay                              0x08000bf5   Thumb Code    10  sht10.o(.text)
    SHT10_DATA_OUT                           0x08000bff   Thumb Code    32  sht10.o(.text)
    SHT10_Start                              0x08000c1f   Thumb Code   102  sht10.o(.text)
    SHT10_GPIO_Init                          0x08000c85   Thumb Code    68  sht10.o(.text)
    SHT10_DATA_IN                            0x08000cc9   Thumb Code    26  sht10.o(.text)
    SHT10_ReadByte                           0x08000ce3   Thumb Code   132  sht10.o(.text)
    SHT10_WriteByte                          0x08000d67   Thumb Code   132  sht10.o(.text)
    SHT10_ConnectionReset                    0x08000deb   Thumb Code    72  sht10.o(.text)
    SHT10_SoftReset                          0x08000e33   Thumb Code    20  sht10.o(.text)
    SHT10_Measure                            0x08000e47   Thumb Code   150  sht10.o(.text)
    SHT10_Calc                               0x08000edd   Thumb Code   278  sht10.o(.text)
    SHT10_Read                               0x08000ff3   Thumb Code   136  sht10.o(.text)
    I2C_EE_Init                              0x080010e9   Thumb Code    18  24c02.o(.text)
    I2C_EE_WaitEepromStandbyState            0x080010fb   Thumb Code    70  24c02.o(.text)
    I2C_EE_PageWrite                         0x08001141   Thumb Code   146  24c02.o(.text)
    I2C_EE_BufferWrite                       0x080011d3   Thumb Code   290  24c02.o(.text)
    I2C_EE_ByteWrite                         0x080012f5   Thumb Code   114  24c02.o(.text)
    I2C_EE_BufferRead                        0x08001367   Thumb Code   220  24c02.o(.text)
    EXTIX_Init                               0x08001461   Thumb Code    76  key.o(.text)
    KEY_Init                                 0x080014ad   Thumb Code    36  key.o(.text)
    usart2_putc                              0x080014d5   Thumb Code    20  usart2.o(.text)
    usart2_putstr                            0x080014e9   Thumb Code    28  usart2.o(.text)
    usart2_init                              0x08001505   Thumb Code   162  usart2.o(.text)
    delay_init                               0x080015b1   Thumb Code    42  delay.o(.text)
    delay_us                                 0x080015db   Thumb Code    68  delay.o(.text)
    delay_ms                                 0x0800161f   Thumb Code    70  delay.o(.text)
    _sys_exit                                0x08001671   Thumb Code     6  usart.o(.text)
    fputc                                    0x08001677   Thumb Code    22  usart.o(.text)
    uart_init                                0x0800168d   Thumb Code   158  usart.o(.text)
    USART1_IRQHandler                        0x0800172b   Thumb Code   124  usart.o(.text)
    Reset_Handler                            0x080017b9   Thumb Code     8  startup_stm32f10x_hd.o(.text)
    ADC1_2_IRQHandler                        0x080017d3   Thumb Code     0  startup_stm32f10x_hd.o(.text)
    ADC3_IRQHandler                          0x080017d3   Thumb Code     0  startup_stm32f10x_hd.o(.text)
    CAN1_RX1_IRQHandler                      0x080017d3   Thumb Code     0  startup_stm32f10x_hd.o(.text)
    CAN1_SCE_IRQHandler                      0x080017d3   Thumb Code     0  startup_stm32f10x_hd.o(.text)
    DMA1_Channel1_IRQHandler                 0x080017d3   Thumb Code     0  startup_stm32f10x_hd.o(.text)
    DMA1_Channel2_IRQHandler                 0x080017d3   Thumb Code     0  startup_stm32f10x_hd.o(.text)
    DMA1_Channel3_IRQHandler                 0x080017d3   Thumb Code     0  startup_stm32f10x_hd.o(.text)
    DMA1_Channel4_IRQHandler                 0x080017d3   Thumb Code     0  startup_stm32f10x_hd.o(.text)
    DMA1_Channel5_IRQHandler                 0x080017d3   Thumb Code     0  startup_stm32f10x_hd.o(.text)
    DMA1_Channel6_IRQHandler                 0x080017d3   Thumb Code     0  startup_stm32f10x_hd.o(.text)
    DMA1_Channel7_IRQHandler                 0x080017d3   Thumb Code     0  startup_stm32f10x_hd.o(.text)
    DMA2_Channel1_IRQHandler                 0x080017d3   Thumb Code     0  startup_stm32f10x_hd.o(.text)
    DMA2_Channel2_IRQHandler                 0x080017d3   Thumb Code     0  startup_stm32f10x_hd.o(.text)
    DMA2_Channel3_IRQHandler                 0x080017d3   Thumb Code     0  startup_stm32f10x_hd.o(.text)
    DMA2_Channel4_5_IRQHandler               0x080017d3   Thumb Code     0  startup_stm32f10x_hd.o(.text)
    EXTI15_10_IRQHandler                     0x080017d3   Thumb Code     0  startup_stm32f10x_hd.o(.text)
    EXTI1_IRQHandler                         0x080017d3   Thumb Code     0  startup_stm32f10x_hd.o(.text)
    EXTI2_IRQHandler                         0x080017d3   Thumb Code     0  startup_stm32f10x_hd.o(.text)
    EXTI3_IRQHandler                         0x080017d3   Thumb Code     0  startup_stm32f10x_hd.o(.text)
    EXTI4_IRQHandler                         0x080017d3   Thumb Code     0  startup_stm32f10x_hd.o(.text)
    EXTI9_5_IRQHandler                       0x080017d3   Thumb Code     0  startup_stm32f10x_hd.o(.text)
    FLASH_IRQHandler                         0x080017d3   Thumb Code     0  startup_stm32f10x_hd.o(.text)
    FSMC_IRQHandler                          0x080017d3   Thumb Code     0  startup_stm32f10x_hd.o(.text)
    I2C1_ER_IRQHandler                       0x080017d3   Thumb Code     0  startup_stm32f10x_hd.o(.text)
    I2C1_EV_IRQHandler                       0x080017d3   Thumb Code     0  startup_stm32f10x_hd.o(.text)
    I2C2_ER_IRQHandler                       0x080017d3   Thumb Code     0  startup_stm32f10x_hd.o(.text)
    I2C2_EV_IRQHandler                       0x080017d3   Thumb Code     0  startup_stm32f10x_hd.o(.text)
    PVD_IRQHandler                           0x080017d3   Thumb Code     0  startup_stm32f10x_hd.o(.text)
    RCC_IRQHandler                           0x080017d3   Thumb Code     0  startup_stm32f10x_hd.o(.text)
    RTCAlarm_IRQHandler                      0x080017d3   Thumb Code     0  startup_stm32f10x_hd.o(.text)
    RTC_IRQHandler                           0x080017d3   Thumb Code     0  startup_stm32f10x_hd.o(.text)
    SDIO_IRQHandler                          0x080017d3   Thumb Code     0  startup_stm32f10x_hd.o(.text)
    SPI1_IRQHandler                          0x080017d3   Thumb Code     0  startup_stm32f10x_hd.o(.text)
    SPI2_IRQHandler                          0x080017d3   Thumb Code     0  startup_stm32f10x_hd.o(.text)
    SPI3_IRQHandler                          0x080017d3   Thumb Code     0  startup_stm32f10x_hd.o(.text)
    TAMPER_IRQHandler                        0x080017d3   Thumb Code     0  startup_stm32f10x_hd.o(.text)
    TIM1_BRK_IRQHandler                      0x080017d3   Thumb Code     0  startup_stm32f10x_hd.o(.text)
    TIM1_CC_IRQHandler                       0x080017d3   Thumb Code     0  startup_stm32f10x_hd.o(.text)
    TIM1_TRG_COM_IRQHandler                  0x080017d3   Thumb Code     0  startup_stm32f10x_hd.o(.text)
    TIM1_UP_IRQHandler                       0x080017d3   Thumb Code     0  startup_stm32f10x_hd.o(.text)
    TIM2_IRQHandler                          0x080017d3   Thumb Code     0  startup_stm32f10x_hd.o(.text)
    TIM3_IRQHandler                          0x080017d3   Thumb Code     0  startup_stm32f10x_hd.o(.text)
    TIM4_IRQHandler                          0x080017d3   Thumb Code     0  startup_stm32f10x_hd.o(.text)
    TIM5_IRQHandler                          0x080017d3   Thumb Code     0  startup_stm32f10x_hd.o(.text)
    TIM6_IRQHandler                          0x080017d3   Thumb Code     0  startup_stm32f10x_hd.o(.text)
    TIM7_IRQHandler                          0x080017d3   Thumb Code     0  startup_stm32f10x_hd.o(.text)
    TIM8_BRK_IRQHandler                      0x080017d3   Thumb Code     0  startup_stm32f10x_hd.o(.text)
    TIM8_CC_IRQHandler                       0x080017d3   Thumb Code     0  startup_stm32f10x_hd.o(.text)
    TIM8_TRG_COM_IRQHandler                  0x080017d3   Thumb Code     0  startup_stm32f10x_hd.o(.text)
    TIM8_UP_IRQHandler                       0x080017d3   Thumb Code     0  startup_stm32f10x_hd.o(.text)
    UART4_IRQHandler                         0x080017d3   Thumb Code     0  startup_stm32f10x_hd.o(.text)
    UART5_IRQHandler                         0x080017d3   Thumb Code     0  startup_stm32f10x_hd.o(.text)
    USART3_IRQHandler                        0x080017d3   Thumb Code     0  startup_stm32f10x_hd.o(.text)
    USBWakeUp_IRQHandler                     0x080017d3   Thumb Code     0  startup_stm32f10x_hd.o(.text)
    USB_HP_CAN1_TX_IRQHandler                0x080017d3   Thumb Code     0  startup_stm32f10x_hd.o(.text)
    USB_LP_CAN1_RX0_IRQHandler               0x080017d3   Thumb Code     0  startup_stm32f10x_hd.o(.text)
    WWDG_IRQHandler                          0x080017d3   Thumb Code     0  startup_stm32f10x_hd.o(.text)
    __user_initial_stackheap                 0x080017d5   Thumb Code     0  startup_stm32f10x_hd.o(.text)
    GPIO_DeInit                              0x080017f9   Thumb Code   172  stm32f10x_gpio.o(.text)
    GPIO_AFIODeInit                          0x080018a5   Thumb Code    20  stm32f10x_gpio.o(.text)
    GPIO_Init                                0x080018b9   Thumb Code   268  stm32f10x_gpio.o(.text)
    GPIO_StructInit                          0x080019c5   Thumb Code    16  stm32f10x_gpio.o(.text)
    GPIO_ReadInputDataBit                    0x080019d5   Thumb Code    18  stm32f10x_gpio.o(.text)
    GPIO_ReadInputData                       0x080019e7   Thumb Code     8  stm32f10x_gpio.o(.text)
    GPIO_ReadOutputDataBit                   0x080019ef   Thumb Code    18  stm32f10x_gpio.o(.text)
    GPIO_ReadOutputData                      0x08001a01   Thumb Code     8  stm32f10x_gpio.o(.text)
    GPIO_SetBits                             0x08001a09   Thumb Code     4  stm32f10x_gpio.o(.text)
    GPIO_ResetBits                           0x08001a0d   Thumb Code     4  stm32f10x_gpio.o(.text)
    GPIO_WriteBit                            0x08001a11   Thumb Code    10  stm32f10x_gpio.o(.text)
    GPIO_Write                               0x08001a1b   Thumb Code     4  stm32f10x_gpio.o(.text)
    GPIO_PinLockConfig                       0x08001a1f   Thumb Code    18  stm32f10x_gpio.o(.text)
    GPIO_EventOutputConfig                   0x08001a31   Thumb Code    24  stm32f10x_gpio.o(.text)
    GPIO_EventOutputCmd                      0x08001a49   Thumb Code     6  stm32f10x_gpio.o(.text)
    GPIO_PinRemapConfig                      0x08001a4f   Thumb Code   136  stm32f10x_gpio.o(.text)
    GPIO_EXTILineConfig                      0x08001ad7   Thumb Code    60  stm32f10x_gpio.o(.text)
    GPIO_ETH_MediaInterfaceConfig            0x08001b13   Thumb Code     8  stm32f10x_gpio.o(.text)
    RCC_DeInit                               0x08001b41   Thumb Code    64  stm32f10x_rcc.o(.text)
    RCC_HSEConfig                            0x08001b81   Thumb Code    70  stm32f10x_rcc.o(.text)
    RCC_GetFlagStatus                        0x08001bc7   Thumb Code    56  stm32f10x_rcc.o(.text)
    RCC_WaitForHSEStartUp                    0x08001bff   Thumb Code    48  stm32f10x_rcc.o(.text)
    RCC_AdjustHSICalibrationValue            0x08001c2f   Thumb Code    18  stm32f10x_rcc.o(.text)
    RCC_HSICmd                               0x08001c41   Thumb Code     6  stm32f10x_rcc.o(.text)
    RCC_PLLConfig                            0x08001c47   Thumb Code    22  stm32f10x_rcc.o(.text)
    RCC_PLLCmd                               0x08001c5d   Thumb Code     6  stm32f10x_rcc.o(.text)
    RCC_SYSCLKConfig                         0x08001c63   Thumb Code    16  stm32f10x_rcc.o(.text)
    RCC_GetSYSCLKSource                      0x08001c73   Thumb Code    10  stm32f10x_rcc.o(.text)
    RCC_HCLKConfig                           0x08001c7d   Thumb Code    16  stm32f10x_rcc.o(.text)
    RCC_PCLK1Config                          0x08001c8d   Thumb Code    16  stm32f10x_rcc.o(.text)
    RCC_PCLK2Config                          0x08001c9d   Thumb Code    18  stm32f10x_rcc.o(.text)
    RCC_ITConfig                             0x08001caf   Thumb Code    30  stm32f10x_rcc.o(.text)
    RCC_USBCLKConfig                         0x08001ccd   Thumb Code     8  stm32f10x_rcc.o(.text)
    RCC_ADCCLKConfig                         0x08001cd5   Thumb Code    16  stm32f10x_rcc.o(.text)
    RCC_LSEConfig                            0x08001ce5   Thumb Code    50  stm32f10x_rcc.o(.text)
    RCC_LSICmd                               0x08001d17   Thumb Code     6  stm32f10x_rcc.o(.text)
    RCC_RTCCLKConfig                         0x08001d1d   Thumb Code    12  stm32f10x_rcc.o(.text)
    RCC_RTCCLKCmd                            0x08001d29   Thumb Code     8  stm32f10x_rcc.o(.text)
    RCC_GetClocksFreq                        0x08001d31   Thumb Code   194  stm32f10x_rcc.o(.text)
    RCC_AHBPeriphClockCmd                    0x08001df3   Thumb Code    26  stm32f10x_rcc.o(.text)
    RCC_APB2PeriphClockCmd                   0x08001e0d   Thumb Code    26  stm32f10x_rcc.o(.text)
    RCC_APB1PeriphClockCmd                   0x08001e27   Thumb Code    26  stm32f10x_rcc.o(.text)
    RCC_APB2PeriphResetCmd                   0x08001e41   Thumb Code    26  stm32f10x_rcc.o(.text)
    RCC_APB1PeriphResetCmd                   0x08001e5b   Thumb Code    26  stm32f10x_rcc.o(.text)
    RCC_BackupResetCmd                       0x08001e75   Thumb Code     8  stm32f10x_rcc.o(.text)
    RCC_ClockSecuritySystemCmd               0x08001e7d   Thumb Code     6  stm32f10x_rcc.o(.text)
    RCC_MCOConfig                            0x08001e83   Thumb Code     6  stm32f10x_rcc.o(.text)
    RCC_ClearFlag                            0x08001e89   Thumb Code    14  stm32f10x_rcc.o(.text)
    RCC_GetITStatus                          0x08001e97   Thumb Code    20  stm32f10x_rcc.o(.text)
    RCC_ClearITPendingBit                    0x08001eab   Thumb Code     6  stm32f10x_rcc.o(.text)
    USART_DeInit                             0x08001ed1   Thumb Code   134  stm32f10x_usart.o(.text)
    USART_Init                               0x08001f57   Thumb Code   210  stm32f10x_usart.o(.text)
    USART_StructInit                         0x08002029   Thumb Code    24  stm32f10x_usart.o(.text)
    USART_ClockInit                          0x08002041   Thumb Code    32  stm32f10x_usart.o(.text)
    USART_ClockStructInit                    0x08002061   Thumb Code    12  stm32f10x_usart.o(.text)
    USART_Cmd                                0x0800206d   Thumb Code    24  stm32f10x_usart.o(.text)
    USART_ITConfig                           0x08002085   Thumb Code    72  stm32f10x_usart.o(.text)
    USART_DMACmd                             0x080020cd   Thumb Code    24  stm32f10x_usart.o(.text)
    USART_SetAddress                         0x080020e5   Thumb Code    18  stm32f10x_usart.o(.text)
    USART_WakeUpConfig                       0x080020f7   Thumb Code    18  stm32f10x_usart.o(.text)
    USART_ReceiverWakeUpCmd                  0x08002109   Thumb Code    24  stm32f10x_usart.o(.text)
    USART_LINBreakDetectLengthConfig         0x08002121   Thumb Code    18  stm32f10x_usart.o(.text)
    USART_LINCmd                             0x08002133   Thumb Code    24  stm32f10x_usart.o(.text)
    USART_SendData                           0x0800214b   Thumb Code     8  stm32f10x_usart.o(.text)
    USART_ReceiveData                        0x08002153   Thumb Code    10  stm32f10x_usart.o(.text)
    USART_SendBreak                          0x0800215d   Thumb Code    10  stm32f10x_usart.o(.text)
    USART_SetGuardTime                       0x08002167   Thumb Code    16  stm32f10x_usart.o(.text)
    USART_SetPrescaler                       0x08002177   Thumb Code    16  stm32f10x_usart.o(.text)
    USART_SmartCardCmd                       0x08002187   Thumb Code    24  stm32f10x_usart.o(.text)
    USART_SmartCardNACKCmd                   0x0800219f   Thumb Code    24  stm32f10x_usart.o(.text)
    USART_HalfDuplexCmd                      0x080021b7   Thumb Code    24  stm32f10x_usart.o(.text)
    USART_OverSampling8Cmd                   0x080021cf   Thumb Code    22  stm32f10x_usart.o(.text)
    USART_OneBitMethodCmd                    0x080021e5   Thumb Code    24  stm32f10x_usart.o(.text)
    USART_IrDAConfig                         0x080021fd   Thumb Code    18  stm32f10x_usart.o(.text)
    USART_IrDACmd                            0x0800220f   Thumb Code    24  stm32f10x_usart.o(.text)
    USART_GetFlagStatus                      0x08002227   Thumb Code    26  stm32f10x_usart.o(.text)
    USART_ClearFlag                          0x08002241   Thumb Code    18  stm32f10x_usart.o(.text)
    USART_GetITStatus                        0x08002253   Thumb Code    84  stm32f10x_usart.o(.text)
    USART_ClearITPendingBit                  0x080022a7   Thumb Code    50  stm32f10x_usart.o(.text)
    NVIC_PriorityGroupConfig                 0x080022d9   Thumb Code    10  misc.o(.text)
    NVIC_Init                                0x080022e3   Thumb Code   102  misc.o(.text)
    NVIC_SetVectorTable                      0x08002349   Thumb Code    14  misc.o(.text)
    NVIC_SystemLPConfig                      0x08002357   Thumb Code    38  misc.o(.text)
    SysTick_CLKSourceConfig                  0x0800237d   Thumb Code    40  misc.o(.text)
    ADC_DeInit                               0x080023b9   Thumb Code    78  stm32f10x_adc.o(.text)
    ADC_Init                                 0x08002407   Thumb Code    68  stm32f10x_adc.o(.text)
    ADC_StructInit                           0x0800244b   Thumb Code    18  stm32f10x_adc.o(.text)
    ADC_Cmd                                  0x0800245d   Thumb Code    22  stm32f10x_adc.o(.text)
    ADC_DMACmd                               0x08002473   Thumb Code    22  stm32f10x_adc.o(.text)
    ADC_ITConfig                             0x08002489   Thumb Code    24  stm32f10x_adc.o(.text)
    ADC_ResetCalibration                     0x080024a1   Thumb Code    10  stm32f10x_adc.o(.text)
    ADC_GetResetCalibrationStatus            0x080024ab   Thumb Code    20  stm32f10x_adc.o(.text)
    ADC_StartCalibration                     0x080024bf   Thumb Code    10  stm32f10x_adc.o(.text)
    ADC_GetCalibrationStatus                 0x080024c9   Thumb Code    20  stm32f10x_adc.o(.text)
    ADC_SoftwareStartConvCmd                 0x080024dd   Thumb Code    22  stm32f10x_adc.o(.text)
    ADC_GetSoftwareStartConvStatus           0x080024f3   Thumb Code    20  stm32f10x_adc.o(.text)
    ADC_DiscModeChannelCountConfig           0x08002507   Thumb Code    22  stm32f10x_adc.o(.text)
    ADC_DiscModeCmd                          0x0800251d   Thumb Code    22  stm32f10x_adc.o(.text)
    ADC_RegularChannelConfig                 0x08002533   Thumb Code   180  stm32f10x_adc.o(.text)
    ADC_ExternalTrigConvCmd                  0x080025e7   Thumb Code    22  stm32f10x_adc.o(.text)
    ADC_GetConversionValue                   0x080025fd   Thumb Code     8  stm32f10x_adc.o(.text)
    ADC_GetDualModeConversionValue           0x08002605   Thumb Code     8  stm32f10x_adc.o(.text)
    ADC_AutoInjectedConvCmd                  0x0800260d   Thumb Code    22  stm32f10x_adc.o(.text)
    ADC_InjectedDiscModeCmd                  0x08002623   Thumb Code    22  stm32f10x_adc.o(.text)
    ADC_ExternalTrigInjectedConvConfig       0x08002639   Thumb Code    14  stm32f10x_adc.o(.text)
    ADC_ExternalTrigInjectedConvCmd          0x08002647   Thumb Code    22  stm32f10x_adc.o(.text)
    ADC_SoftwareStartInjectedConvCmd         0x0800265d   Thumb Code    22  stm32f10x_adc.o(.text)
    ADC_GetSoftwareStartInjectedConvCmdStatus 0x08002673   Thumb Code    20  stm32f10x_adc.o(.text)
    ADC_InjectedChannelConfig                0x08002687   Thumb Code   126  stm32f10x_adc.o(.text)
    ADC_InjectedSequencerLengthConfig        0x08002705   Thumb Code    22  stm32f10x_adc.o(.text)
    ADC_SetInjectedOffset                    0x0800271b   Thumb Code    14  stm32f10x_adc.o(.text)
    ADC_GetInjectedConversionValue           0x08002729   Thumb Code    20  stm32f10x_adc.o(.text)
    ADC_AnalogWatchdogCmd                    0x0800273d   Thumb Code    14  stm32f10x_adc.o(.text)
    ADC_AnalogWatchdogThresholdsConfig       0x0800274b   Thumb Code     6  stm32f10x_adc.o(.text)
    ADC_AnalogWatchdogSingleChannelConfig    0x08002751   Thumb Code    14  stm32f10x_adc.o(.text)
    ADC_TempSensorVrefintCmd                 0x0800275f   Thumb Code    38  stm32f10x_adc.o(.text)
    ADC_GetFlagStatus                        0x08002785   Thumb Code    18  stm32f10x_adc.o(.text)
    ADC_ClearFlag                            0x08002797   Thumb Code    34  stm32f10x_adc.o(.text)
    ADC_GetITStatus                          0x080027b9   Thumb Code    36  stm32f10x_adc.o(.text)
    ADC_ClearITPendingBit                    0x080027dd   Thumb Code    10  stm32f10x_adc.o(.text)
    I2C_DeInit                               0x080027e9   Thumb Code    50  stm32f10x_i2c.o(.text)
    I2C_Init                                 0x0800281b   Thumb Code   230  stm32f10x_i2c.o(.text)
    I2C_StructInit                           0x08002901   Thumb Code    30  stm32f10x_i2c.o(.text)
    I2C_Cmd                                  0x0800291f   Thumb Code    24  stm32f10x_i2c.o(.text)
    I2C_DMACmd                               0x08002937   Thumb Code    24  stm32f10x_i2c.o(.text)
    I2C_DMALastTransferCmd                   0x0800294f   Thumb Code    24  stm32f10x_i2c.o(.text)
    I2C_GenerateSTART                        0x08002967   Thumb Code    24  stm32f10x_i2c.o(.text)
    I2C_GenerateSTOP                         0x0800297f   Thumb Code    24  stm32f10x_i2c.o(.text)
    I2C_AcknowledgeConfig                    0x08002997   Thumb Code    24  stm32f10x_i2c.o(.text)
    I2C_OwnAddress2Config                    0x080029af   Thumb Code    20  stm32f10x_i2c.o(.text)
    I2C_DualAddressCmd                       0x080029c3   Thumb Code    24  stm32f10x_i2c.o(.text)
    I2C_GeneralCallCmd                       0x080029db   Thumb Code    24  stm32f10x_i2c.o(.text)
    I2C_ITConfig                             0x080029f3   Thumb Code    24  stm32f10x_i2c.o(.text)
    I2C_SendData                             0x08002a0b   Thumb Code     4  stm32f10x_i2c.o(.text)
    I2C_ReceiveData                          0x08002a0f   Thumb Code     8  stm32f10x_i2c.o(.text)
    I2C_Send7bitAddress                      0x08002a17   Thumb Code    18  stm32f10x_i2c.o(.text)
    I2C_ReadRegister                         0x08002a29   Thumb Code    14  stm32f10x_i2c.o(.text)
    I2C_SoftwareResetCmd                     0x08002a37   Thumb Code    22  stm32f10x_i2c.o(.text)
    I2C_NACKPositionConfig                   0x08002a4d   Thumb Code    28  stm32f10x_i2c.o(.text)
    I2C_SMBusAlertConfig                     0x08002a69   Thumb Code    28  stm32f10x_i2c.o(.text)
    I2C_TransmitPEC                          0x08002a85   Thumb Code    24  stm32f10x_i2c.o(.text)
    I2C_PECPositionConfig                    0x08002a9d   Thumb Code    28  stm32f10x_i2c.o(.text)
    I2C_CalculatePEC                         0x08002ab9   Thumb Code    24  stm32f10x_i2c.o(.text)
    I2C_GetPEC                               0x08002ad1   Thumb Code     8  stm32f10x_i2c.o(.text)
    I2C_ARPCmd                               0x08002ad9   Thumb Code    24  stm32f10x_i2c.o(.text)
    I2C_StretchClockCmd                      0x08002af1   Thumb Code    24  stm32f10x_i2c.o(.text)
    I2C_FastModeDutyCycleConfig              0x08002b09   Thumb Code    28  stm32f10x_i2c.o(.text)
    I2C_CheckEvent                           0x08002b25   Thumb Code    42  stm32f10x_i2c.o(.text)
    I2C_GetLastEvent                         0x08002b4f   Thumb Code    26  stm32f10x_i2c.o(.text)
    I2C_GetFlagStatus                        0x08002b69   Thumb Code    42  stm32f10x_i2c.o(.text)
    I2C_ClearFlag                            0x08002b93   Thumb Code    12  stm32f10x_i2c.o(.text)
    I2C_GetITStatus                          0x08002b9f   Thumb Code    38  stm32f10x_i2c.o(.text)
    I2C_ClearITPendingBit                    0x08002bc5   Thumb Code    28  stm32f10x_i2c.o(.text)
    EXTI_DeInit                              0x08002be1   Thumb Code    32  stm32f10x_exti.o(.text)
    EXTI_Init                                0x08002c01   Thumb Code   154  stm32f10x_exti.o(.text)
    EXTI_StructInit                          0x08002c9b   Thumb Code    16  stm32f10x_exti.o(.text)
    EXTI_GenerateSWInterrupt                 0x08002cab   Thumb Code    16  stm32f10x_exti.o(.text)
    EXTI_GetFlagStatus                       0x08002cbb   Thumb Code    22  stm32f10x_exti.o(.text)
    EXTI_ClearFlag                           0x08002cd1   Thumb Code     8  stm32f10x_exti.o(.text)
    EXTI_GetITStatus                         0x08002cd9   Thumb Code    34  stm32f10x_exti.o(.text)
    EXTI_ClearITPendingBit                   0x08002cfb   Thumb Code     8  stm32f10x_exti.o(.text)
    __use_no_semihosting                     0x08002d11   Thumb Code     2  use_no_semi_2.o(.text)
    __2printf                                0x08002d15   Thumb Code    24  noretval__2printf.o(.text)
    __2sprintf                               0x08002d35   Thumb Code    34  noretval__2sprintf.o(.text)
    _printf_pre_padding                      0x08002d5d   Thumb Code    42  _printf_pad.o(.text)
    _printf_post_padding                     0x08002d87   Thumb Code    34  _printf_pad.o(.text)
    _printf_str                              0x08002da9   Thumb Code    82  _printf_str.o(.text)
    __printf                                 0x08002dfb   Thumb Code   288  __printf_wp.o(.text)
    __use_two_region_memory                  0x08002f1b   Thumb Code     2  heapauxi.o(.text)
    __rt_heap_escrow$2region                 0x08002f1d   Thumb Code     2  heapauxi.o(.text)
    __rt_heap_expand$2region                 0x08002f1f   Thumb Code     2  heapauxi.o(.text)
    __I$use$semihosting                      0x08002f21   Thumb Code     0  use_no_semi.o(.text)
    __use_no_semihosting_swi                 0x08002f21   Thumb Code     2  use_no_semi.o(.text)
    __lib_sel_fp_printf                      0x08002f23   Thumb Code     2  _printf_fp_dec.o(.text)
    _printf_fp_dec_real                      0x0800310b   Thumb Code   608  _printf_fp_dec.o(.text)
    _printf_char_common                      0x08003377   Thumb Code    34  _printf_char_common.o(.text)
    _sputc                                   0x0800339d   Thumb Code    10  _sputc.o(.text)
    _printf_cs_common                        0x080033a7   Thumb Code    20  _printf_char.o(.text)
    _printf_char                             0x080033bb   Thumb Code    16  _printf_char.o(.text)
    _printf_string                           0x080033cb   Thumb Code     8  _printf_char.o(.text)
    __rt_locale                              0x080033d5   Thumb Code    12  rt_locale_intlibspace.o(.text)
    _ll_udiv10                               0x080033e1   Thumb Code   138  lludiv10.o(.text)
    _printf_fp_infnan                        0x0800346d   Thumb Code   108  _printf_fp_infnan.o(.text)
    _btod_etento                             0x080034e9   Thumb Code   202  bigflt0.o(.text)
    __rt_udiv10                              0x080035b9   Thumb Code    16  rtudiv10.o(.text)
    __user_libspace                          0x080035c9   Thumb Code     8  libspace.o(.text)
    __user_perproc_libspace                  0x080035c9   Thumb Code     0  libspace.o(.text)
    __user_perthread_libspace                0x080035c9   Thumb Code     0  libspace.o(.text)
    __user_setup_stackheap                   0x080035d1   Thumb Code    74  sys_stackheap_outer.o(.text)
    exit                                     0x0800361b   Thumb Code    12  exit.o(.text)
    strcmp                                   0x08003629   Thumb Code   128  strcmpv7m.o(.text)
    _btod_d2e                                0x080036a9   Thumb Code    62  btod.o(CL$$btod_d2e)
    _d2e_denorm_low                          0x080036e7   Thumb Code    70  btod.o(CL$$btod_d2e_denorm_low)
    _d2e_norm_op1                            0x0800372d   Thumb Code    96  btod.o(CL$$btod_d2e_norm_op1)
    __btod_div_common                        0x0800378d   Thumb Code   696  btod.o(CL$$btod_div_common)
    _e2e                                     0x08003ac5   Thumb Code   198  btod.o(CL$$btod_e2e)
    _btod_ediv                               0x08003b8b   Thumb Code    40  btod.o(CL$$btod_ediv)
    _btod_emul                               0x08003bb3   Thumb Code    40  btod.o(CL$$btod_emul)
    __btod_mult_common                       0x08003bdb   Thumb Code   580  btod.o(CL$$btod_mult_common)
    __ARM_fpclassify                         0x08003e1f   Thumb Code    40  fpclassify.o(i.__ARM_fpclassify)
    _get_lc_numeric                          0x08003e49   Thumb Code    44  lc_numeric_c.o(locale$$code)
    __aeabi_d2f                              0x08003e75   Thumb Code     0  d2f.o(x$fpl$d2f)
    _d2f                                     0x08003e75   Thumb Code   142  d2f.o(x$fpl$d2f)
    __fpl_inf_d2f                            0x08003efd   Thumb Code     0  d2f.o(x$fpl$d2f)
    __fpl_dcheck_NaN2                        0x08003f09   Thumb Code    10  dcheck.o(x$fpl$dcheck)
    __fpl_dcheck_NaN1                        0x08003f19   Thumb Code    10  dcheck1.o(x$fpl$dcheck1)
    __fpl_dcmp_InfNaN                        0x08003f29   Thumb Code   120  dcmpin.o(x$fpl$dcmpinfnan)
    __fpl_inf_dcmp                           0x08003f4b   Thumb Code     0  dcmpin.o(x$fpl$dcmpinfnan)
    __fpl_fcmp_InfNaN                        0x08003fa1   Thumb Code    88  fcmpin.o(x$fpl$dcmpinfnan)
    __fpl_inf_fcmp                           0x08003fb5   Thumb Code     0  fcmpin.o(x$fpl$dcmpinfnan)
    __aeabi_ddiv                             0x08003ff9   Thumb Code     0  ddiv.o(x$fpl$ddiv)
    _ddiv                                    0x08003ff9   Thumb Code   428  ddiv.o(x$fpl$ddiv)
    __fpl_inf_ddiv                           0x0800416d   Thumb Code     0  ddiv.o(x$fpl$ddiv)
    _ddiv_mantissas                          0x080041a5   Thumb Code   324  ddiv.o(x$fpl$ddiv)
    __aeabi_d2iz                             0x080043f9   Thumb Code     0  dfix.o(x$fpl$dfix)
    _dfix                                    0x080043f9   Thumb Code   150  dfix.o(x$fpl$dfix)
    __fpl_inf_dfix                           0x08004485   Thumb Code     0  dfix.o(x$fpl$dfix)
    __aeabi_i2d                              0x08004495   Thumb Code     0  dflt_clz.o(x$fpl$dflt)
    _dflt                                    0x08004495   Thumb Code    44  dflt_clz.o(x$fpl$dflt)
    __dflt_normalise                         0x080044a3   Thumb Code     0  dflt_clz.o(x$fpl$dflt)
    __aeabi_cdcmple                          0x080044c1   Thumb Code     0  dleqf.o(x$fpl$dleqf)
    _dcmple                                  0x080044c1   Thumb Code   106  dleqf.o(x$fpl$dleqf)
    __aeabi_dmul                             0x08004531   Thumb Code     0  dmul.o(x$fpl$dmul)
    _dmul                                    0x08004531   Thumb Code   440  dmul.o(x$fpl$dmul)
    __fpl_inf_dmul                           0x080046bb   Thumb Code     0  dmul.o(x$fpl$dmul)
    __dunder                                 0x080046f9   Thumb Code   234  dunder.o(x$fpl$dunder)
    __dunder_d                               0x080047e3   Thumb Code     2  dunder.o(x$fpl$dunder)
    __aeabi_f2d                              0x080047e5   Thumb Code     0  f2d.o(x$fpl$f2d)
    _f2d                                     0x080047e5   Thumb Code    76  f2d.o(x$fpl$f2d)
    __fpl_inf_f2d                            0x08004829   Thumb Code     0  f2d.o(x$fpl$f2d)
    __aeabi_fadd                             0x08004835   Thumb Code     0  faddsub_clz.o(x$fpl$fadd)
    _fadd                                    0x08004835   Thumb Code   248  faddsub_clz.o(x$fpl$fadd)
    __fpl_inf_fadd                           0x0800490f   Thumb Code     0  faddsub_clz.o(x$fpl$fadd)
    __fpl_fcheck_NaN2                        0x08004935   Thumb Code     6  fcheck.o(x$fpl$fcheck)
    __fpl_fcheck_NaN1                        0x08004941   Thumb Code     6  fcheck1.o(x$fpl$fcheck1)
    __aeabi_i2f                              0x0800494d   Thumb Code     0  fflt_clz.o(x$fpl$fflt)
    _fflt                                    0x0800494d   Thumb Code    50  fflt_clz.o(x$fpl$fflt)
    __fflt_normalise                         0x08004959   Thumb Code     0  fflt_clz.o(x$fpl$fflt)
    __aeabi_ui2f                             0x0800497f   Thumb Code     0  fflt_clz.o(x$fpl$ffltu)
    _ffltu                                   0x0800497f   Thumb Code     8  fflt_clz.o(x$fpl$ffltu)
    __aeabi_cfcmple                          0x08004989   Thumb Code     0  fleqf.o(x$fpl$fleqf)
    _fcmple                                  0x08004989   Thumb Code    90  fleqf.o(x$fpl$fleqf)
    __aeabi_fmul                             0x080049e9   Thumb Code     0  fmul.o(x$fpl$fmul)
    _fmul                                    0x080049e9   Thumb Code   258  fmul.o(x$fpl$fmul)
    __fpl_inf_fmul                           0x08004ad5   Thumb Code     0  fmul.o(x$fpl$fmul)
    __fpl_normalise2                         0x08004af1   Thumb Code    74  fnorm2_clz.o(x$fpl$fnorm2)
    __aeabi_cfrcmple                         0x08004b3d   Thumb Code     0  frleqf.o(x$fpl$frleqf)
    _frcmple                                 0x08004b3d   Thumb Code   102  frleqf.o(x$fpl$frleqf)
    __aeabi_fsub                             0x08004ba9   Thumb Code     0  faddsub_clz.o(x$fpl$fsub)
    _fsub                                    0x08004ba9   Thumb Code   282  faddsub_clz.o(x$fpl$fsub)
    __fpl_inf_fsub                           0x08004ca3   Thumb Code     0  faddsub_clz.o(x$fpl$fsub)
    __funder                                 0x08004ccd   Thumb Code   132  funder.o(x$fpl$funder)
    __funder_d                               0x08004d51   Thumb Code     2  funder.o(x$fpl$funder)
    _printf_fp_dec                           0x08004d53   Thumb Code     4  printf1.o(x$fpl$printf1)
    __fpl_return_NaN                         0x08004d57   Thumb Code   100  retnan.o(x$fpl$retnan)
    __fpl_cmpreturn                          0x08004dbb   Thumb Code    48  trapv.o(x$fpl$trapveneer)
    __I$use$fp                               0x08004deb   Thumb Code     0  usenofp.o(x$fpl$usenofp)
    Region$$Table$$Base                      0x08004e80   Number         0  anon$$obj.o(Region$$Table)
    Region$$Table$$Limit                     0x08004ea0   Number         0  anon$$obj.o(Region$$Table)
    CMD_POINT                                0x20000000   Data           1  main.o(.data)
    ret_flag                                 0x20000001   Data           1  main.o(.data)
    measure_flag                             0x20000002   Data           1  main.o(.data)
    CMD_BUF                                  0x20000003   Data           5  main.o(.data)
    ee_out_value                             0x20000008   Data           1  main.o(.data)
    ee_mode_value                            0x20000009   Data           1  main.o(.data)
    RET_BUF                                  0x2000000a   Data           5  main.o(.data)
    SystemCoreClock                          0x20000010   Data           4  system_stm32f10x.o(.data)
    AHBPrescTable                            0x20000014   Data          16  system_stm32f10x.o(.data)
    check_num                                0x20000024   Data           1  sht10.o(.data)
    EEPROM_ADDRESS                           0x20000026   Data           2  24c02.o(.data)
    USART_RX_STA                             0x2000002c   Data           2  usart.o(.data)
    __stdout                                 0x20000030   Data           4  usart.o(.data)
    USART_RX_BUF                             0x20000048   Data         200  usart.o(.bss)
    __libspace_start                         0x20000110   Data          96  libspace.o(.bss)
    __temporary_stack_top$libspace           0x20000170   Data           0  libspace.o(.bss)



==============================================================================

Memory Map of the image

  Image Entry point : 0x08000131

  Load Region LR_IROM1 (Base: 0x08000000, Size: 0x00004f04, Max: 0x00080000, ABSOLUTE)

    Execution Region ER_IROM1 (Base: 0x08000000, Size: 0x00004ebc, Max: 0x00080000, ABSOLUTE)

    Base Addr    Size         Type   Attr      Idx    E Section Name        Object

    0x08000000   0x00000130   Data   RO          314    RESET               startup_stm32f10x_hd.o
    0x08000130   0x00000008   Code   RO          447  * !!!main             __main.o(c_w.l)
    0x08000138   0x00000034   Code   RO          723    !!!scatter          __scatter.o(c_w.l)
    0x0800016c   0x0000001a   Code   RO          725    !!handler_copy      __scatter_copy.o(c_w.l)
    0x08000186   0x00000002   PAD
    0x08000188   0x0000001c   Code   RO          727    !!handler_zi        __scatter_zi.o(c_w.l)
    0x080001a4   0x00000000   Code   RO          444    .ARM.Collect$$_printf_percent$$00000000  _printf_percent.o(c_w.l)
    0x080001a4   0x00000006   Code   RO          443    .ARM.Collect$$_printf_percent$$00000003  _printf_f.o(c_w.l)
    0x080001aa   0x00000006   Code   RO          441    .ARM.Collect$$_printf_percent$$00000013  _printf_c.o(c_w.l)
    0x080001b0   0x00000006   Code   RO          442    .ARM.Collect$$_printf_percent$$00000014  _printf_s.o(c_w.l)
    0x080001b6   0x00000004   Code   RO          495    .ARM.Collect$$_printf_percent$$00000017  _printf_percent_end.o(c_w.l)
    0x080001ba   0x00000006   Code   RO          605    .ARM.Collect$$libinit$$00000000  libinit.o(c_w.l)
    0x080001c0   0x00000000   Code   RO          608    .ARM.Collect$$libinit$$00000006  libinit2.o(c_w.l)
    0x080001c0   0x00000000   Code   RO          610    .ARM.Collect$$libinit$$00000008  libinit2.o(c_w.l)
    0x080001c0   0x00000000   Code   RO          612    .ARM.Collect$$libinit$$0000000A  libinit2.o(c_w.l)
    0x080001c0   0x00000006   Code   RO          613    .ARM.Collect$$libinit$$0000000B  libinit2.o(c_w.l)
    0x080001c6   0x00000000   Code   RO          615    .ARM.Collect$$libinit$$0000000D  libinit2.o(c_w.l)
    0x080001c6   0x00000000   Code   RO          617    .ARM.Collect$$libinit$$0000000F  libinit2.o(c_w.l)
    0x080001c6   0x00000000   Code   RO          619    .ARM.Collect$$libinit$$00000011  libinit2.o(c_w.l)
    0x080001c6   0x0000000a   Code   RO          620    .ARM.Collect$$libinit$$00000012  libinit2.o(c_w.l)
    0x080001d0   0x00000000   Code   RO          621    .ARM.Collect$$libinit$$00000013  libinit2.o(c_w.l)
    0x080001d0   0x00000000   Code   RO          623    .ARM.Collect$$libinit$$00000015  libinit2.o(c_w.l)
    0x080001d0   0x00000000   Code   RO          625    .ARM.Collect$$libinit$$00000017  libinit2.o(c_w.l)
    0x080001d0   0x00000000   Code   RO          627    .ARM.Collect$$libinit$$00000019  libinit2.o(c_w.l)
    0x080001d0   0x00000000   Code   RO          629    .ARM.Collect$$libinit$$0000001B  libinit2.o(c_w.l)
    0x080001d0   0x00000000   Code   RO          631    .ARM.Collect$$libinit$$0000001D  libinit2.o(c_w.l)
    0x080001d0   0x00000000   Code   RO          633    .ARM.Collect$$libinit$$0000001F  libinit2.o(c_w.l)
    0x080001d0   0x00000000   Code   RO          635    .ARM.Collect$$libinit$$00000021  libinit2.o(c_w.l)
    0x080001d0   0x00000000   Code   RO          639    .ARM.Collect$$libinit$$00000028  libinit2.o(c_w.l)
    0x080001d0   0x00000000   Code   RO          641    .ARM.Collect$$libinit$$0000002A  libinit2.o(c_w.l)
    0x080001d0   0x00000000   Code   RO          643    .ARM.Collect$$libinit$$0000002C  libinit2.o(c_w.l)
    0x080001d0   0x00000000   Code   RO          645    .ARM.Collect$$libinit$$0000002E  libinit2.o(c_w.l)
    0x080001d0   0x00000002   Code   RO          646    .ARM.Collect$$libinit$$0000002F  libinit2.o(c_w.l)
    0x080001d2   0x00000002   Code   RO          675    .ARM.Collect$$libshutdown$$00000000  libshutdown.o(c_w.l)
    0x080001d4   0x00000000   Code   RO          684    .ARM.Collect$$libshutdown$$00000003  libshutdown2.o(c_w.l)
    0x080001d4   0x00000000   Code   RO          687    .ARM.Collect$$libshutdown$$00000006  libshutdown2.o(c_w.l)
    0x080001d4   0x00000000   Code   RO          690    .ARM.Collect$$libshutdown$$00000009  libshutdown2.o(c_w.l)
    0x080001d4   0x00000000   Code   RO          692    .ARM.Collect$$libshutdown$$0000000B  libshutdown2.o(c_w.l)
    0x080001d4   0x00000000   Code   RO          695    .ARM.Collect$$libshutdown$$0000000E  libshutdown2.o(c_w.l)
    0x080001d4   0x00000002   Code   RO          696    .ARM.Collect$$libshutdown$$0000000F  libshutdown2.o(c_w.l)
    0x080001d6   0x00000000   Code   RO          485    .ARM.Collect$$rtentry$$00000000  rtentry.o(c_w.l)
    0x080001d6   0x00000000   Code   RO          524    .ARM.Collect$$rtentry$$00000002  rtentry2.o(c_w.l)
    0x080001d6   0x00000006   Code   RO          539    .ARM.Collect$$rtentry$$00000004  rtentry4.o(c_w.l)
    0x080001dc   0x00000000   Code   RO          526    .ARM.Collect$$rtentry$$00000009  rtentry2.o(c_w.l)
    0x080001dc   0x00000004   Code   RO          527    .ARM.Collect$$rtentry$$0000000A  rtentry2.o(c_w.l)
    0x080001e0   0x00000000   Code   RO          529    .ARM.Collect$$rtentry$$0000000C  rtentry2.o(c_w.l)
    0x080001e0   0x00000008   Code   RO          530    .ARM.Collect$$rtentry$$0000000D  rtentry2.o(c_w.l)
    0x080001e8   0x00000000   Code   RO          647    .ARM.Collect$$rtexit$$00000000  rtexit.o(c_w.l)
    0x080001e8   0x00000000   Code   RO          654    .ARM.Collect$$rtexit$$00000002  rtexit2.o(c_w.l)
    0x080001e8   0x00000004   Code   RO          655    .ARM.Collect$$rtexit$$00000003  rtexit2.o(c_w.l)
    0x080001ec   0x00000004   Code   RO          656    .ARM.Collect$$rtexit$$00000004  rtexit2.o(c_w.l)
    0x080001f0   0x000004b4   Code   RO            1    .text               main.o
    0x080006a4   0x0000001a   Code   RO           94    .text               stm32f10x_it.o
    0x080006be   0x00000002   PAD
    0x080006c0   0x000001c8   Code   RO          132    .text               system_stm32f10x.o
    0x08000888   0x00000050   Code   RO          150    .text               led.o
    0x080008d8   0x00000038   Code   RO          162    .text               control.o
    0x08000910   0x000001fc   Code   RO          174    .text               ad9850.o
    0x08000b0c   0x000000e8   Code   RO          186    .text               adc.o
    0x08000bf4   0x0000048c   Code   RO          198    .text               sht10.o
    0x08001080   0x000003e0   Code   RO          213    .text               24c02.o
    0x08001460   0x00000074   Code   RO          228    .text               key.o
    0x080014d4   0x000000dc   Code   RO          240    .text               usart2.o
    0x080015b0   0x000000c0   Code   RO          252    .text               delay.o
    0x08001670   0x00000148   Code   RO          278    .text               usart.o
    0x080017b8   0x00000040   Code   RO          315    .text               startup_stm32f10x_hd.o
    0x080017f8   0x00000348   Code   RO          319    .text               stm32f10x_gpio.o
    0x08001b40   0x00000390   Code   RO          331    .text               stm32f10x_rcc.o
    0x08001ed0   0x00000408   Code   RO          345    .text               stm32f10x_usart.o
    0x080022d8   0x000000e0   Code   RO          357    .text               misc.o
    0x080023b8   0x0000042e   Code   RO          369    .text               stm32f10x_adc.o
    0x080027e6   0x00000002   PAD
    0x080027e8   0x000003f8   Code   RO          381    .text               stm32f10x_i2c.o
    0x08002be0   0x00000130   Code   RO          393    .text               stm32f10x_exti.o
    0x08002d10   0x00000002   Code   RO          407    .text               use_no_semi_2.o(c_w.l)
    0x08002d12   0x00000002   PAD
    0x08002d14   0x00000020   Code   RO          413    .text               noretval__2printf.o(c_w.l)
    0x08002d34   0x00000028   Code   RO          415    .text               noretval__2sprintf.o(c_w.l)
    0x08002d5c   0x0000004c   Code   RO          419    .text               _printf_pad.o(c_w.l)
    0x08002da8   0x00000052   Code   RO          421    .text               _printf_str.o(c_w.l)
    0x08002dfa   0x00000120   Code   RO          431    .text               __printf_wp.o(c_w.l)
    0x08002f1a   0x00000006   Code   RO          445    .text               heapauxi.o(c_w.l)
    0x08002f20   0x00000002   Code   RO          483    .text               use_no_semi.o(c_w.l)
    0x08002f22   0x00000448   Code   RO          487    .text               _printf_fp_dec.o(c_w.l)
    0x0800336a   0x00000002   PAD
    0x0800336c   0x00000030   Code   RO          489    .text               _printf_char_common.o(c_w.l)
    0x0800339c   0x0000000a   Code   RO          491    .text               _sputc.o(c_w.l)
    0x080033a6   0x0000002c   Code   RO          493    .text               _printf_char.o(c_w.l)
    0x080033d2   0x00000002   PAD
    0x080033d4   0x0000000c   Code   RO          544    .text               rt_locale_intlibspace.o(c_w.l)
    0x080033e0   0x0000008a   Code   RO          546    .text               lludiv10.o(c_w.l)
    0x0800346a   0x00000002   PAD
    0x0800346c   0x0000007c   Code   RO          548    .text               _printf_fp_infnan.o(c_w.l)
    0x080034e8   0x000000d0   Code   RO          552    .text               bigflt0.o(c_w.l)
    0x080035b8   0x00000010   Code   RO          580    .text               rtudiv10.o(c_w.l)
    0x080035c8   0x00000008   Code   RO          590    .text               libspace.o(c_w.l)
    0x080035d0   0x0000004a   Code   RO          593    .text               sys_stackheap_outer.o(c_w.l)
    0x0800361a   0x0000000c   Code   RO          595    .text               exit.o(c_w.l)
    0x08003626   0x00000002   PAD
    0x08003628   0x00000080   Code   RO          597    .text               strcmpv7m.o(c_w.l)
    0x080036a8   0x0000003e   Code   RO          555    CL$$btod_d2e        btod.o(c_w.l)
    0x080036e6   0x00000046   Code   RO          557    CL$$btod_d2e_denorm_low  btod.o(c_w.l)
    0x0800372c   0x00000060   Code   RO          556    CL$$btod_d2e_norm_op1  btod.o(c_w.l)
    0x0800378c   0x00000338   Code   RO          565    CL$$btod_div_common  btod.o(c_w.l)
    0x08003ac4   0x000000c6   Code   RO          562    CL$$btod_e2e        btod.o(c_w.l)
    0x08003b8a   0x00000028   Code   RO          559    CL$$btod_ediv       btod.o(c_w.l)
    0x08003bb2   0x00000028   Code   RO          558    CL$$btod_emul       btod.o(c_w.l)
    0x08003bda   0x00000244   Code   RO          564    CL$$btod_mult_common  btod.o(c_w.l)
    0x08003e1e   0x00000028   Code   RO          588    i.__ARM_fpclassify  fpclassify.o(m_ws.l)
    0x08003e46   0x00000002   PAD
    0x08003e48   0x0000002c   Code   RO          578    locale$$code        lc_numeric_c.o(c_w.l)
    0x08003e74   0x00000094   Code   RO          449    x$fpl$d2f           d2f.o(fz_ws.l)
    0x08003f08   0x00000010   Code   RO          500    x$fpl$dcheck        dcheck.o(fz_ws.l)
    0x08003f18   0x00000010   Code   RO          502    x$fpl$dcheck1       dcheck1.o(fz_ws.l)
    0x08003f28   0x00000078   Code   RO          504    x$fpl$dcmpinfnan    dcmpin.o(fz_ws.l)
    0x08003fa0   0x00000058   Code   RO          516    x$fpl$dcmpinfnan    fcmpin.o(fz_ws.l)
    0x08003ff8   0x00000400   Code   RO          452    x$fpl$ddiv          ddiv.o(fz_ws.l)
    0x080043f8   0x0000009c   Code   RO          455    x$fpl$dfix          dfix.o(fz_ws.l)
    0x08004494   0x0000002c   Code   RO          507    x$fpl$dflt          dflt_clz.o(fz_ws.l)
    0x080044c0   0x00000070   Code   RO          459    x$fpl$dleqf         dleqf.o(fz_ws.l)
    0x08004530   0x000001c8   Code   RO          461    x$fpl$dmul          dmul.o(fz_ws.l)
    0x080046f8   0x000000ec   Code   RO          510    x$fpl$dunder        dunder.o(fz_ws.l)
    0x080047e4   0x00000050   Code   RO          463    x$fpl$f2d           f2d.o(fz_ws.l)
    0x08004834   0x00000100   Code   RO          465    x$fpl$fadd          faddsub_clz.o(fz_ws.l)
    0x08004934   0x0000000c   Code   RO          512    x$fpl$fcheck        fcheck.o(fz_ws.l)
    0x08004940   0x0000000c   Code   RO          514    x$fpl$fcheck1       fcheck1.o(fz_ws.l)
    0x0800494c   0x00000032   Code   RO          472    x$fpl$fflt          fflt_clz.o(fz_ws.l)
    0x0800497e   0x00000008   Code   RO          471    x$fpl$ffltu         fflt_clz.o(fz_ws.l)
    0x08004986   0x00000002   PAD
    0x08004988   0x00000060   Code   RO          475    x$fpl$fleqf         fleqf.o(fz_ws.l)
    0x080049e8   0x00000108   Code   RO          477    x$fpl$fmul          fmul.o(fz_ws.l)
    0x08004af0   0x0000004a   Code   RO          518    x$fpl$fnorm2        fnorm2_clz.o(fz_ws.l)
    0x08004b3a   0x00000002   PAD
    0x08004b3c   0x0000006c   Code   RO          479    x$fpl$frleqf        frleqf.o(fz_ws.l)
    0x08004ba8   0x00000124   Code   RO          467    x$fpl$fsub          faddsub_clz.o(fz_ws.l)
    0x08004ccc   0x00000086   Code   RO          520    x$fpl$funder        funder.o(fz_ws.l)
    0x08004d52   0x00000004   Code   RO          481    x$fpl$printf1       printf1.o(fz_ws.l)
    0x08004d56   0x00000064   Code   RO          584    x$fpl$retnan        retnan.o(fz_ws.l)
    0x08004dba   0x00000030   Code   RO          586    x$fpl$trapveneer    trapv.o(fz_ws.l)
    0x08004dea   0x00000000   Code   RO          522    x$fpl$usenofp       usenofp.o(fz_ws.l)
    0x08004dea   0x00000002   PAD
    0x08004dec   0x00000094   Data   RO          553    .constdata          bigflt0.o(c_w.l)
    0x08004e80   0x00000020   Data   RO          721    Region$$Table       anon$$obj.o
    0x08004ea0   0x0000001c   Data   RO          577    locale$$data        lc_numeric_c.o(c_w.l)


    Execution Region RW_IRAM1 (Base: 0x20000000, Size: 0x00000770, Max: 0x00010000, ABSOLUTE)

    Base Addr    Size         Type   Attr      Idx    E Section Name        Object

    0x20000000   0x0000000f   Data   RW            2    .data               main.o
    0x2000000f   0x00000001   PAD
    0x20000010   0x00000014   Data   RW          133    .data               system_stm32f10x.o
    0x20000024   0x00000001   Data   RW          199    .data               sht10.o
    0x20000025   0x00000001   PAD
    0x20000026   0x00000002   Data   RW          214    .data               24c02.o
    0x20000028   0x00000004   Data   RW          253    .data               delay.o
    0x2000002c   0x00000008   Data   RW          280    .data               usart.o
    0x20000034   0x00000014   Data   RW          332    .data               stm32f10x_rcc.o
    0x20000048   0x000000c8   Zero   RW          279    .bss                usart.o
    0x20000110   0x00000060   Zero   RW          591    .bss                libspace.o(c_w.l)
    0x20000170   0x00000200   Zero   RW          313    HEAP                startup_stm32f10x_hd.o
    0x20000370   0x00000400   Zero   RW          312    STACK               startup_stm32f10x_hd.o


==============================================================================

Image component sizes


      Code (inc. data)   RO Data    RW Data    ZI Data      Debug   Object Name

       992         30          0          2          0       3208   24c02.o
       508         34          0          0          0       1068   ad9850.o
       232          8          0          0          0       1087   adc.o
        56          6          0          0          0        483   control.o
         0          0          0          0          0         20   core_cm3.o
       192         12          0          4          0        991   delay.o
       116          4          0          0          0        682   key.o
        80          8          0          0          0        479   led.o
      1204        144          0         15          0     253727   main.o
       224         20          0          0          0       1769   misc.o
      1164         66          0          1          0       4444   sht10.o
        64         26        304          0       1536        492   startup_stm32f10x_hd.o
      1070         28          0          0          0      10849   stm32f10x_adc.o
       304         14          0          0          0       2227   stm32f10x_exti.o
       840         38          0          0          0       5653   stm32f10x_gpio.o
      1016         16          0          0          0       9151   stm32f10x_i2c.o
        26          0          0          0          0       1166   stm32f10x_it.o
       912         32          0         20          0       8772   stm32f10x_rcc.o
      1032         20          0          0          0       8408   stm32f10x_usart.o
       456         36          0         20          0       1699   system_stm32f10x.o
       328         18          0          8        200       3046   usart.o
       220         10          0          0          0       1456   usart2.o

    ----------------------------------------------------------------------
     11040        570        336         72       1736     320877   Object Totals
         0          0         32          0          0          0   (incl. Generated)
         4          0          0          2          0          1   (incl. Padding)

    ----------------------------------------------------------------------

      Code (inc. data)   RO Data    RW Data    ZI Data      Debug   Library Member Name

         8          0          0          0          0         68   __main.o
       288          0          0          0          0         88   __printf_wp.o
        52          8          0          0          0          0   __scatter.o
        26          0          0          0          0          0   __scatter_copy.o
        28          0          0          0          0          0   __scatter_zi.o
         6          0          0          0          0          0   _printf_c.o
        44          0          0          0          0        108   _printf_char.o
        48          4          0          0          0         96   _printf_char_common.o
         6          0          0          0          0          0   _printf_f.o
      1096          0          0          0          0        204   _printf_fp_dec.o
       124         16          0          0          0         84   _printf_fp_infnan.o
        76          0          0          0          0        104   _printf_pad.o
         0          0          0          0          0          0   _printf_percent.o
         4          0          0          0          0          0   _printf_percent_end.o
         6          0          0          0          0          0   _printf_s.o
        82          0          0          0          0         80   _printf_str.o
        10          0          0          0          0         68   _sputc.o
       208          6        148          0          0         92   bigflt0.o
      1910        128          0          0          0        660   btod.o
       148          6          0          0          0         68   d2f.o
        16          6          0          0          0         68   dcheck.o
        16          6          0          0          0         68   dcheck1.o
       120          0          0          0          0         84   dcmpin.o
      1024        272          0          0          0        160   ddiv.o
       156          6          0          0          0         76   dfix.o
        44          0          0          0          0         68   dflt_clz.o
       112          6          0          0          0         68   dleqf.o
       456         16          0          0          0        100   dmul.o
       236          0          0          0          0         92   dunder.o
        12          0          0          0          0         68   exit.o
        80          4          0          0          0         68   f2d.o
       548         18          0          0          0        136   faddsub_clz.o
        12          6          0          0          0         68   fcheck.o
        12          6          0          0          0         68   fcheck1.o
        88          0          0          0          0         68   fcmpin.o
        58          0          0          0          0        136   fflt_clz.o
        96          6          0          0          0         68   fleqf.o
       264          6          0          0          0         68   fmul.o
        74          0          0          0          0         84   fnorm2_clz.o
        40          0          0          0          0         68   fpclassify.o
       108          6          0          0          0         68   frleqf.o
       134          0          0          0          0         84   funder.o
         6          0          0          0          0        148   heapauxi.o
        44         10         28          0          0         76   lc_numeric_c.o
         6          0          0          0          0          0   libinit.o
        18          0          0          0          0          0   libinit2.o
         2          0          0          0          0          0   libshutdown.o
         2          0          0          0          0          0   libshutdown2.o
         8          4          0          0         96         68   libspace.o
       138          0          0          0          0         76   lludiv10.o
        32          8          0          0          0         80   noretval__2printf.o
        40          6          0          0          0         80   noretval__2sprintf.o
         4          0          0          0          0         68   printf1.o
       100          0          0          0          0         68   retnan.o
        12          6          0          0          0         68   rt_locale_intlibspace.o
         0          0          0          0          0          0   rtentry.o
        12          0          0          0          0          0   rtentry2.o
         6          0          0          0          0          0   rtentry4.o
         0          0          0          0          0          0   rtexit.o
         8          0          0          0          0          0   rtexit2.o
        16          0          0          0          0         68   rtudiv10.o
       128          2          0          0          0         68   strcmpv7m.o
        74          0          0          0          0         80   sys_stackheap_outer.o
        48          0          0          0          0         68   trapv.o
         2          0          0          0          0         68   use_no_semi.o
         2          0          0          0          0         68   use_no_semi_2.o
         0          0          0          0          0          0   usenofp.o

    ----------------------------------------------------------------------
      8604        568        176          0         96       4708   Library Totals
        20          0          0          0          0          0   (incl. Padding)

    ----------------------------------------------------------------------

      Code (inc. data)   RO Data    RW Data    ZI Data      Debug   Library Name

      4590        198        176          0         96       2668   c_w.l
      3954        370          0          0          0       1972   fz_ws.l
        40          0          0          0          0         68   m_ws.l

    ----------------------------------------------------------------------
      8604        568        176          0         96       4708   Library Totals

    ----------------------------------------------------------------------

==============================================================================


      Code (inc. data)   RO Data    RW Data    ZI Data      Debug   

     19644       1138        512         72       1832     321036   Grand Totals
     19644       1138        512         72       1832     321036   ELF Image Totals
     19644       1138        512         72          0          0   ROM Totals

==============================================================================

    Total RO  Size (Code + RO Data)                20156 (  19.68kB)
    Total RW  Size (RW Data + ZI Data)              1904 (   1.86kB)
    Total ROM Size (Code + RO Data + RW Data)      20228 (  19.75kB)

==============================================================================

